Component: Arm Compiler for Embedded 6.22 Tool: armlink [5ee90200]

==============================================================================

Section Cross References

    main.o(.text.PMOD_ENC_Task) refers to pmod_enc.o(.text.PMOD_ENC_Get_State) for PMOD_ENC_Get_State
    main.o(.text.PMOD_ENC_Task) refers to main.o(.bss.state) for state
    main.o(.text.PMOD_ENC_Task) refers to pmod_enc.o(.text.PMOD_ENC_Button_Read) for PMOD_ENC_Button_Read
    main.o(.text.PMOD_ENC_Task) refers to main.o(.bss.last_state) for last_state
    main.o(.text.PMOD_ENC_Task) refers to main.o(.bss.pmod_enc_btn_pressed) for pmod_enc_btn_pressed
    main.o(.text.PMOD_ENC_Task) refers to main.o(.bss.main_menu_counter) for main_menu_counter
    main.o(.text.PMOD_ENC_Task) refers to pmod_enc.o(.text.PMOD_ENC_Get_Rotation) for PMOD_ENC_Get_Rotation
    main.o(.ARM.exidx.text.PMOD_ENC_Task) refers to main.o(.text.PMOD_ENC_Task) for [Anonymous Symbol]
    main.o(.text.main) refers to buzzer.o(.text.Buzzer_Init) for Buzzer_Init
    main.o(.text.main) refers to systick_delay.o(.text.SysTick_Delay_Init) for SysTick_Delay_Init
    main.o(.text.main) refers to pmod_enc.o(.text.PMOD_ENC_Init) for PMOD_ENC_Init
    main.o(.text.main) refers to main.o(.text.PMOD_ENC_Task) for PMOD_ENC_Task
    main.o(.text.main) refers to timer_0a_interrupt.o(.text.Timer_0A_Interrupt_Init) for Timer_0A_Interrupt_Init
    main.o(.text.main) refers to pmod_enc.o(.text.PMOD_ENC_Get_State) for PMOD_ENC_Get_State
    main.o(.text.main) refers to main.o(.bss.last_state) for last_state
    main.o(.text.main) refers to lcd_display.o(.text.EduBase_LCD_Init) for EduBase_LCD_Init
    main.o(.text.main) refers to main.o(.data.right_arrow) for right_arrow
    main.o(.text.main) refers to lcd_display.o(.text.EduBase_LCD_Create_Custom_Character) for EduBase_LCD_Create_Custom_Character
    main.o(.text.main) refers to main.o(.data.mario_left_leg) for mario_left_leg
    main.o(.text.main) refers to main.o(.data.mario_left_hat) for mario_left_hat
    main.o(.text.main) refers to main.o(.data.mario_torso) for mario_torso
    main.o(.text.main) refers to main.o(.data.mario_middle_hat) for mario_middle_hat
    main.o(.text.main) refers to main.o(.data.mario_right_hat) for mario_right_hat
    main.o(.text.main) refers to main.o(.data.mario_right_leg) for mario_right_leg
    main.o(.text.main) refers to main.o(.data.prev_main_menu_counter) for prev_main_menu_counter
    main.o(.text.main) refers to main.o(.bss.main_menu_counter) for main_menu_counter
    main.o(.text.main) refers to lcd_display.o(.text.EduBase_LCD_Clear_Display) for EduBase_LCD_Clear_Display
    main.o(.text.main) refers to main.o(.text.Display_Main_Menu) for Display_Main_Menu
    main.o(.text.main) refers to main.o(.text.Process_Main_Menu_Selection) for Process_Main_Menu_Selection
    main.o(.text.main) refers to systick_delay.o(.text.SysTick_Delay1ms) for SysTick_Delay1ms
    main.o(.ARM.exidx.text.main) refers to main.o(.text.main) for [Anonymous Symbol]
    main.o(.text.Display_Main_Menu) refers to lcd_display.o(.text.EduBase_LCD_Set_Cursor) for EduBase_LCD_Set_Cursor
    main.o(.text.Display_Main_Menu) refers to lcd_display.o(.text.EduBase_LCD_Send_Data) for EduBase_LCD_Send_Data
    main.o(.text.Display_Main_Menu) refers to main.o(.rodata.str1.1) for .L.str
    main.o(.text.Display_Main_Menu) refers to lcd_display.o(.text.EduBase_LCD_Display_String) for EduBase_LCD_Display_String
    main.o(.ARM.exidx.text.Display_Main_Menu) refers to main.o(.text.Display_Main_Menu) for [Anonymous Symbol]
    main.o(.text.Process_Main_Menu_Selection) refers to main.o(.bss.pmod_enc_btn_pressed) for pmod_enc_btn_pressed
    main.o(.text.Process_Main_Menu_Selection) refers to main.o(.data.prev_main_menu_counter) for prev_main_menu_counter
    main.o(.text.Process_Main_Menu_Selection) refers to main.o(.bss.main_menu_counter) for main_menu_counter
    main.o(.text.Process_Main_Menu_Selection) refers to lcd_display.o(.text.EduBase_LCD_Clear_Display) for EduBase_LCD_Clear_Display
    main.o(.text.Process_Main_Menu_Selection) refers to lcd_display.o(.text.EduBase_LCD_Display_Mario_Full_Image) for EduBase_LCD_Display_Mario_Full_Image
    main.o(.text.Process_Main_Menu_Selection) refers to systick_delay.o(.text.SysTick_Delay1ms) for SysTick_Delay1ms
    main.o(.text.Process_Main_Menu_Selection) refers to lcd_display.o(.text.EduBase_LCD_Scroll_Display_Right) for EduBase_LCD_Scroll_Display_Right
    main.o(.text.Process_Main_Menu_Selection) refers to lcd_display.o(.text.EduBase_LCD_Scroll_Display_Left) for EduBase_LCD_Scroll_Display_Left
    main.o(.text.Process_Main_Menu_Selection) refers to lcd_display.o(.text.EduBase_LCD_Set_Cursor) for EduBase_LCD_Set_Cursor
    main.o(.text.Process_Main_Menu_Selection) refers to lcd_display.o(.text.EduBase_LCD_Send_Data) for EduBase_LCD_Send_Data
    main.o(.text.Process_Main_Menu_Selection) refers to main.o(.rodata.str1.1) for .L.str.4
[...]
    Removing buzzer.o(.ARM.exidx.text.Play_Note), (8 bytes).
    Removing buzzer.o(.ARM.exidx.text.Play_Super_Mario_Bros_Theme), (8 bytes).
    Removing buzzer.o(.ARM.exidx.text.Play_Doom_Theme_Song), (8 bytes).
    Removing buzzer.o(.ARM.exidx.text.Tyler_The_Creator_Like_Him), (8 bytes).
    Removing buzzer.o(.rodata.BUZZER_OFF), (1 bytes).
    Removing buzzer.o(.rodata.BUZZER_ON), (1 bytes).
    Removing buzzer.o(.rodata.A0_NOTE), (8 bytes).
    Removing buzzer.o(.rodata.B0_NOTE), (8 bytes).
    Removing buzzer.o(.rodata.C0_NOTE), (8 bytes).
    Removing buzzer.o(.rodata.D0_NOTE), (8 bytes).
    Removing buzzer.o(.rodata.E0_NOTE), (8 bytes).
    Removing buzzer.o(.rodata.F0_NOTE), (8 bytes).
    Removing buzzer.o(.rodata.G0_NOTE), (8 bytes).
    Removing buzzer.o(.rodata.Bb0_NOTE), (8 bytes).
    Removing buzzer.o(.rodata.Csharp0_NOTE), (8 bytes).
    Removing buzzer.o(.rodata.Eb0_NOTE), (8 bytes).
    Removing buzzer.o(.rodata.Fsharp0_NOTE), (8 bytes).
    Removing buzzer.o(.rodata.Gsharp0_NOTE), (8 bytes).
    Removing buzzer.o(.rodata.A1_NOTE), (8 bytes).
    Removing buzzer.o(.rodata.B1_NOTE), (8 bytes).
    Removing buzzer.o(.rodata.C1_NOTE), (8 bytes).
    Removing buzzer.o(.rodata.D1_NOTE), (8 bytes).
    Removing buzzer.o(.rodata.E1_NOTE), (8 bytes).
    Removing buzzer.o(.rodata.F1_NOTE), (8 bytes).
    Removing buzzer.o(.rodata.G1_NOTE), (8 bytes).
    Removing buzzer.o(.rodata.Bb1_NOTE), (8 bytes).
    Removing buzzer.o(.rodata.Csharp1_NOTE), (8 bytes).
    Removing buzzer.o(.rodata.Eb1_NOTE), (8 bytes).
    Removing buzzer.o(.rodata.Fsharp1_NOTE), (8 bytes).
    Removing buzzer.o(.rodata.Gsharp1_NOTE), (8 bytes).
    Removing buzzer.o(.rodata.A2_NOTE), (8 bytes).
    Removing buzzer.o(.rodata.B2_NOTE), (8 bytes).
    Removing buzzer.o(.rodata.C2_NOTE), (8 bytes).
    Removing buzzer.o(.rodata.D2_NOTE), (8 bytes).
    Removing buzzer.o(.rodata.E2_NOTE), (8 bytes).
    Removing buzzer.o(.rodata.F2_NOTE), (8 bytes).
    Removing buzzer.o(.rodata.G2_NOTE), (8 bytes).
    Removing buzzer.o(.rodata.Bb2_NOTE), (8 bytes).
    Removing buzzer.o(.rodata.Csharp2_NOTE), (8 bytes).
    Removing buzzer.o(.rodata.Eb2_NOTE), (8 bytes).
    Removing buzzer.o(.rodata.Fsharp2_NOTE), (8 bytes).
    Removing buzzer.o(.rodata.Gsharp2_NOTE), (8 bytes).
    Removing buzzer.o(.rodata.A3_NOTE), (8 bytes).
    Removing buzzer.o(.rodata.B3_NOTE), (8 bytes).
    Removing buzzer.o(.rodata.C3_NOTE), (8 bytes).
    Removing buzzer.o(.rodata.D3_NOTE), (8 bytes).
    Removing buzzer.o(.rodata.E3_NOTE), (8 bytes).
    Removing buzzer.o(.rodata.F3_NOTE), (8 bytes).
    Removing buzzer.o(.rodata.G3_NOTE), (8 bytes).
    Removing buzzer.o(.rodata.Bb3_NOTE), (8 bytes).
    Removing buzzer.o(.rodata.Csharp3_NOTE), (8 bytes).
    Removing buzzer.o(.rodata.Eb3_NOTE), (8 bytes).
    Removing buzzer.o(.rodata.Fsharp3_NOTE), (8 bytes).
    Removing buzzer.o(.rodata.Gsharp3_NOTE), (8 bytes).
    Removing buzzer.o(.rodata.A4_NOTE), (8 bytes).
    Removing buzzer.o(.rodata.B4_NOTE), (8 bytes).
    Removing buzzer.o(.rodata.C4_NOTE), (8 bytes).
    Removing buzzer.o(.rodata.D4_NOTE), (8 bytes).
    Removing buzzer.o(.rodata.E4_NOTE), (8 bytes).
    Removing buzzer.o(.rodata.F4_NOTE), (8 bytes).
    Removing buzzer.o(.rodata.G4_NOTE), (8 bytes).
    Removing buzzer.o(.rodata.Bb4_NOTE), (8 bytes).
    Removing buzzer.o(.rodata.Csharp4_NOTE), (8 bytes).
    Removing buzzer.o(.rodata.Eb4_NOTE), (8 bytes).
    Removing buzzer.o(.rodata.Fsharp4_NOTE), (8 bytes).
    Removing buzzer.o(.rodata.Gsharp4_NOTE), (8 bytes).
    Removing buzzer.o(.rodata.A5_NOTE), (8 bytes).
    Removing buzzer.o(.rodata.B5_NOTE), (8 bytes).
    Removing buzzer.o(.rodata.C5_NOTE), (8 bytes).
    Removing buzzer.o(.rodata.D5_NOTE), (8 bytes).
    Removing buzzer.o(.rodata.E5_NOTE), (8 bytes).
    Removing buzzer.o(.rodata.F5_NOTE), (8 bytes).
    Removing buzzer.o(.rodata.G5_NOTE), (8 bytes).
    Removing buzzer.o(.rodata.Bb5_NOTE), (8 bytes).
    Removing buzzer.o(.rodata.Csharp5_NOTE), (8 bytes).
    Removing buzzer.o(.rodata.Eb5_NOTE), (8 bytes).
    Removing buzzer.o(.rodata.Fsharp5_NOTE), (8 bytes).
    Removing buzzer.o(.rodata.Gsharp5_NOTE), (8 bytes).
    Removing buzzer.o(.rodata.A6_NOTE), (8 bytes).
    Removing buzzer.o(.rodata.B6_NOTE), (8 bytes).
    Removing buzzer.o(.rodata.C6_NOTE), (8 bytes).
    Removing buzzer.o(.rodata.D6_NOTE), (8 bytes).
    Removing buzzer.o(.rodata.E6_NOTE), (8 bytes).
    Removing buzzer.o(.rodata.F6_NOTE), (8 bytes).
    Removing buzzer.o(.rodata.G6_NOTE), (8 bytes).
    Removing buzzer.o(.rodata.Bb6_NOTE), (8 bytes).
    Removing buzzer.o(.rodata.Csharp6_NOTE), (8 bytes).
    Removing buzzer.o(.rodata.Eb6_NOTE), (8 bytes).
    Removing buzzer.o(.rodata.Fsharp6_NOTE), (8 bytes).
    Removing buzzer.o(.rodata.Gsharp6_NOTE), (8 bytes).
    Removing buzzer.o(.rodata.A7_NOTE), (8 bytes).
    Removing buzzer.o(.rodata.B7_NOTE), (8 bytes).
    Removing buzzer.o(.rodata.C7_NOTE), (8 bytes).
    Removing buzzer.o(.rodata.D7_NOTE), (8 bytes).
    Removing buzzer.o(.rodata.E7_NOTE), (8 bytes).
    Removing buzzer.o(.rodata.F7_NOTE), (8 bytes).
    Removing buzzer.o(.rodata.G7_NOTE), (8 bytes).
    Removing buzzer.o(.rodata.Bb7_NOTE), (8 bytes).
    Removing buzzer.o(.rodata.Csharp7_NOTE), (8 bytes).
    Removing buzzer.o(.rodata.Eb7_NOTE), (8 bytes).
    Removing buzzer.o(.rodata.Fsharp7_NOTE), (8 bytes).
    Removing buzzer.o(.rodata.Gsharp7_NOTE), (8 bytes).
    Removing buzzer.o(.rodata.A8_NOTE), (8 bytes).
    Removing buzzer.o(.rodata.B8_NOTE), (8 bytes).
    Removing buzzer.o(.rodata.C8_NOTE), (8 bytes).
    Removing buzzer.o(.rodata.D8_NOTE), (8 bytes).
    Removing buzzer.o(.rodata.E8_NOTE), (8 bytes).
    Removing buzzer.o(.rodata.F8_NOTE), (8 bytes).
    Removing buzzer.o(.rodata.G8_NOTE), (8 bytes).
    Removing buzzer.o(.rodata.Bb8_NOTE), (8 bytes).
    Removing buzzer.o(.rodata.Csharp8_NOTE), (8 bytes).
    Removing buzzer.o(.rodata.Eb8_NOTE), (8 bytes).
    Removing buzzer.o(.rodata.Fsharp8_NOTE), (8 bytes).
    Removing buzzer.o(.rodata.Gsharp8_NOTE), (8 bytes).
    Removing lcd_display.o(.text), (0 bytes).
    Removing lcd_display.o(.ARM.exidx.text.EduBase_LCD_Ports_Init), (8 bytes).
    Removing lcd_display.o(.ARM.exidx.text.EduBase_LCD_Pulse_Enable), (8 bytes).
    Removing lcd_display.o(.ARM.exidx.text.EduBase_LCD_Write_4_Bits), (8 bytes).
    Removing lcd_display.o(.ARM.exidx.text.EduBase_LCD_Send_Command), (8 bytes).
    Removing lcd_display.o(.ARM.exidx.text.EduBase_LCD_Send_Data), (8 bytes).
    Removing lcd_display.o(.ARM.exidx.text.EduBase_LCD_Init), (8 bytes).
    Removing lcd_display.o(.ARM.exidx.text.EduBase_LCD_Enable_Display), (8 bytes).
    Removing lcd_display.o(.ARM.exidx.text.EduBase_LCD_Return_Home), (8 bytes).
    Removing lcd_display.o(.ARM.exidx.text.EduBase_LCD_Clear_Display), (8 bytes).
    Removing lcd_display.o(.ARM.exidx.text.EduBase_LCD_Disable_Cursor_Blink), (8 bytes).
    Removing lcd_display.o(.ARM.exidx.text.EduBase_LCD_Disable_Cursor), (8 bytes).
    Removing lcd_display.o(.ARM.exidx.text.EduBase_LCD_Set_Cursor), (8 bytes).
    Removing lcd_display.o(.text.EduBase_LCD_Disable_Display), (30 bytes).
    Removing lcd_display.o(.ARM.exidx.text.EduBase_LCD_Disable_Display), (8 bytes).
    Removing lcd_display.o(.text.EduBase_LCD_Enable_Cursor), (30 bytes).
    Removing lcd_display.o(.ARM.exidx.text.EduBase_LCD_Enable_Cursor), (8 bytes).
    Removing lcd_display.o(.text.EduBase_LCD_Enable_Cursor_Blink), (30 bytes).
    Removing lcd_display.o(.ARM.exidx.text.EduBase_LCD_Enable_Cursor_Blink), (8 bytes).
    Removing lcd_display.o(.ARM.exidx.text.EduBase_LCD_Scroll_Display_Left), (8 bytes).
    Removing lcd_display.o(.ARM.exidx.text.EduBase_LCD_Scroll_Display_Right), (8 bytes).
    Removing lcd_display.o(.text.EduBase_LCD_Left_to_Right), (30 bytes).
    Removing lcd_display.o(.ARM.exidx.text.EduBase_LCD_Left_to_Right), (8 bytes).
    Removing lcd_display.o(.text.EduBase_LCD_Right_to_Left), (30 bytes).
    Removing lcd_display.o(.ARM.exidx.text.EduBase_LCD_Right_to_Left), (8 bytes).
    Removing lcd_display.o(.ARM.exidx.text.EduBase_LCD_Create_Custom_Character), (8 bytes).
    Removing lcd_display.o(.ARM.exidx.text.EduBase_LCD_Display_String), (8 bytes).
    Removing lcd_display.o(.text.EduBase_LCD_Display_Integer), (34 bytes).
    Removing lcd_display.o(.ARM.exidx.text.EduBase_LCD_Display_Integer), (8 bytes).
    Removing lcd_display.o(.text.EduBase_LCD_Display_Double), (42 bytes).
    Removing lcd_display.o(.ARM.exidx.text.EduBase_LCD_Display_Double), (8 bytes).
    Removing lcd_display.o(.ARM.exidx.text.EduBase_LCD_Display_Mario_Left_Hat), (8 bytes).
    Removing lcd_display.o(.ARM.exidx.text.EduBase_LCD_Display_Mario_Left_Leg), (8 bytes).
    Removing lcd_display.o(.ARM.exidx.text.EduBase_LCD_Display_Mario_Middle_Hat), (8 bytes).
    Removing lcd_display.o(.ARM.exidx.text.EduBase_LCD_Display_Mario_Torso), (8 bytes).
    Removing lcd_display.o(.ARM.exidx.text.EduBase_LCD_Display_Mario_Right_Hat), (8 bytes).
    Removing lcd_display.o(.ARM.exidx.text.EduBase_LCD_Display_Mario_Right_Leg), (8 bytes).
    Removing lcd_display.o(.ARM.exidx.text.EduBase_LCD_Display_Mario_Full_Image), (8 bytes).
    Removing lcd_display.o(.bss.display_mode), (1 bytes).
    Removing lcd_display.o(.rodata.str1.1), (8 bytes).
    Removing systick_delay.o(.text), (0 bytes).
    Removing systick_delay.o(.ARM.exidx.text.SysTick_Delay_Init), (8 bytes).
    Removing systick_delay.o(.ARM.exidx.text.SysTick_Delay1us), (8 bytes).
    Removing systick_delay.o(.ARM.exidx.text.SysTick_Delay1ms), (8 bytes).
    Removing systick_delay.o(.ARM.exidx.text.SysTick_Handler), (8 bytes).
    Removing pmod_enc.o(.text), (0 bytes).
    Removing pmod_enc.o(.ARM.exidx.text.PMOD_ENC_Init), (8 bytes).
    Removing pmod_enc.o(.ARM.exidx.text.PMOD_ENC_Get_State), (8 bytes).
    Removing pmod_enc.o(.ARM.exidx.text.PMOD_ENC_Get_Rotation), (8 bytes).
    Removing pmod_enc.o(.ARM.exidx.text.PMOD_ENC_Button_Read), (8 bytes).
    Removing pmod_enc.o(.text.PMOD_ENC_Switch_Read), (18 bytes).
    Removing pmod_enc.o(.ARM.exidx.text.PMOD_ENC_Switch_Read), (8 bytes).
    Removing timer_0a_interrupt.o(.text), (0 bytes).
    Removing timer_0a_interrupt.o(.ARM.exidx.text.Timer_0A_Interrupt_Init), (8 bytes).
    Removing timer_0a_interrupt.o(.ARM.exidx.text.TIMER0A_Handler), (8 bytes).
    Removing system_tm4c123.o(.text), (0 bytes).
    Removing system_tm4c123.o(.text.SystemCoreClockUpdate), (326 bytes).
    Removing system_tm4c123.o(.ARM.exidx.text.SystemCoreClockUpdate), (8 bytes).
    Removing system_tm4c123.o(.text.getOscClk), (360 bytes).
    Removing system_tm4c123.o(.ARM.exidx.text.getOscClk), (8 bytes).
    Removing system_tm4c123.o(.ARM.exidx.text.SystemInit), (8 bytes).
    Removing system_tm4c123.o(.data.SystemCoreClock), (4 bytes).

185 unused section(s) (total 2245 bytes) removed from the image.

==============================================================================

Image Symbol Table

    Local Symbols

    Symbol Name                              Value     Ov Type        Size  Object(Section)

    ../clib/angel/boardlib.s                 0x00000000   Number         0  boardinit1.o ABSOLUTE
    ../clib/angel/boardlib.s                 0x00000000   Number         0  boardinit2.o ABSOLUTE
    ../clib/angel/boardlib.s                 0x00000000   Number         0  boardinit3.o ABSOLUTE
    ../clib/angel/boardlib.s                 0x00000000   Number         0  boardshut.o ABSOLUTE
    ../clib/angel/handlers.s                 0x00000000   Number         0  __scatter_copy.o ABSOLUTE
    ../clib/angel/handlers.s                 0x00000000   Number         0  __scatter_zi.o ABSOLUTE
    ../clib/angel/kernel.s                   0x00000000   Number         0  __rtentry.o ABSOLUTE
    ../clib/angel/kernel.s                   0x00000000   Number         0  __rtentry2.o ABSOLUTE
    ../clib/angel/kernel.s                   0x00000000   Number         0  __rtentry4.o ABSOLUTE
    ../clib/angel/kernel.s                   0x00000000   Number         0  rtexit.o ABSOLUTE
    ../clib/angel/kernel.s                   0x00000000   Number         0  rtexit2.o ABSOLUTE
    ../clib/angel/rt.s                       0x00000000   Number         0  rt_ctype_table.o ABSOLUTE
    ../clib/angel/rt.s                       0x00000000   Number         0  rt_locale.o ABSOLUTE
    ../clib/angel/rt.s                       0x00000000   Number         0  rt_locale_intlibspace.o ABSOLUTE
    ../clib/angel/rt.s                       0x00000000   Number         0  rt_raise.o ABSOLUTE
    ../clib/angel/scatter.s                  0x00000000   Number         0  __scatter.o ABSOLUTE
    ../clib/angel/startup.s                  0x00000000   Number         0  __main.o ABSOLUTE
    ../clib/angel/sys.s                      0x00000000   Number         0  sys_stackheap_outer.o ABSOLUTE
    ../clib/angel/sys.s                      0x00000000   Number         0  libspace.o ABSOLUTE
    ../clib/angel/sys.s                      0x00000000   Number         0  use_no_semi.o ABSOLUTE
    ../clib/angel/sys.s                      0x00000000   Number         0  indicate_semi.o ABSOLUTE
    ../clib/angel/sysapp.c                   0x00000000   Number         0  sys_exit.o ABSOLUTE
    ../clib/angel/sysapp.c                   0x00000000   Number         0  sys_exit_hlt.o ABSOLUTE
    ../clib/angel/sysapp.c                   0x00000000   Number         0  sys_command.o ABSOLUTE
    ../clib/angel/sysapp.c                   0x00000000   Number         0  sys_command_hlt.o ABSOLUTE
    ../clib/angel/sysapp.c                   0x00000000   Number         0  sys_wrch.o ABSOLUTE
    ../clib/angel/sysapp.c                   0x00000000   Number         0  sys_wrch_hlt.o ABSOLUTE
    ../clib/armsys.c                         0x00000000   Number         0  argv_veneer.o ABSOLUTE
    ../clib/armsys.c                         0x00000000   Number         0  argv_veneer.o ABSOLUTE
    ../clib/armsys.c                         0x00000000   Number         0  _get_argv_nomalloc.o ABSOLUTE
    ../clib/armsys.c                         0x00000000   Number         0  no_argv.o ABSOLUTE
    ../clib/bigflt.c                         0x00000000   Number         0  bigflt0.o ABSOLUTE
    ../clib/btod.s                           0x00000000   Number         0  btod.o ABSOLUTE
    ../clib/btod_accurate.c                  0x00000000   Number         0  btod_accurate.o ABSOLUTE
    ../clib/btod_accurate.c                  0x00000000   Number         0  btod_accurate_common.o ABSOLUTE
    ../clib/heapalloc.c                      0x00000000   Number         0  hrguard.o ABSOLUTE
    ../clib/heapaux.c                        0x00000000   Number         0  heapauxi.o ABSOLUTE
    ../clib/libinit.s                        0x00000000   Number         0  libinit.o ABSOLUTE
    ../clib/libinit.s                        0x00000000   Number         0  libinit2.o ABSOLUTE
    ../clib/libinit.s                        0x00000000   Number         0  libshutdown.o ABSOLUTE
    ../clib/libinit.s                        0x00000000   Number         0  libshutdown2.o ABSOLUTE
    ../clib/locale.c                         0x00000000   Number         0  _c16rtomb.o ABSOLUTE
    ../clib/locale.s                         0x00000000   Number         0  lc_numeric_c.o ABSOLUTE
    ../clib/locale.s                         0x00000000   Number         0  lc_ctype_c.o ABSOLUTE
    ../clib/longlong.s                       0x00000000   Number         0  lludiv10.o ABSOLUTE
    ../clib/longlong.s                       0x00000000   Number         0  llushr.o ABSOLUTE
    ../clib/memcpset.s                       0x00000000   Number         0  strcmpv7em.o ABSOLUTE
    ../clib/misc.s                           0x00000000   Number         0  printf_stubs.o ABSOLUTE
    ../clib/printf.c                         0x00000000   Number         0  sprintf.o ABSOLUTE
    ../clib/printf.c                         0x00000000   Number         0  __printf.o ABSOLUTE
    ../clib/printf.c                         0x00000000   Number         0  _printf_pad.o ABSOLUTE
    ../clib/printf.c                         0x00000000   Number         0  _printf_truncate.o ABSOLUTE
    ../clib/printf.c                         0x00000000   Number         0  _printf_str.o ABSOLUTE
    ../clib/printf.c                         0x00000000   Number         0  _printf_dec.o ABSOLUTE
    ../clib/printf.c                         0x00000000   Number         0  _printf_charcount.o ABSOLUTE
    ../clib/printf.c                         0x00000000   Number         0  _printf_char_common.o ABSOLUTE
    ../clib/printf.c                         0x00000000   Number         0  _sputc.o ABSOLUTE
    ../clib/printf.c                         0x00000000   Number         0  _printf_wctomb.o ABSOLUTE
    ../clib/printf.c                         0x00000000   Number         0  _printf_longlong_dec.o ABSOLUTE
    ../clib/printf.c                         0x00000000   Number         0  _printf_oct_ll.o ABSOLUTE
    ../clib/printf.c                         0x00000000   Number         0  _printf_oct_int.o ABSOLUTE
    ../clib/printf.c                         0x00000000   Number         0  _printf_oct_int_ll.o ABSOLUTE
    ../clib/printf.c                         0x00000000   Number         0  _printf_hex_ll.o ABSOLUTE
    ../clib/printf.c                         0x00000000   Number         0  _printf_hex_int.o ABSOLUTE
    ../clib/printf.c                         0x00000000   Number         0  _printf_hex_int_ll.o ABSOLUTE
    ../clib/printf.c                         0x00000000   Number         0  _printf_hex_ptr.o ABSOLUTE
    ../clib/printf.c                         0x00000000   Number         0  _printf_hex_int_ptr.o ABSOLUTE
    ../clib/printf.c                         0x00000000   Number         0  _printf_hex_ll_ptr.o ABSOLUTE
    ../clib/printf.c                         0x00000000   Number         0  _printf_hex_int_ll_ptr.o ABSOLUTE
    ../clib/printf.c                         0x00000000   Number         0  __printf_flags.o ABSOLUTE
    ../clib/printf.c                         0x00000000   Number         0  __printf_ss.o ABSOLUTE
    ../clib/printf.c                         0x00000000   Number         0  __printf_flags_ss.o ABSOLUTE
    ../clib/printf.c                         0x00000000   Number         0  __printf_wp.o ABSOLUTE
    ../clib/printf.c                         0x00000000   Number         0  __printf_flags_wp.o ABSOLUTE
    ../clib/printf.c                         0x00000000   Number         0  __printf_ss_wp.o ABSOLUTE
    ../clib/printf.c                         0x00000000   Number         0  __printf_flags_ss_wp.o ABSOLUTE
    ../clib/printf.c                         0x00000000   Number         0  _printf_intcommon.o ABSOLUTE
    ../clib/printf.c                         0x00000000   Number         0  _printf_fp_dec.o ABSOLUTE
    ../clib/printf.c                         0x00000000   Number         0  _printf_fp_dec_accurate.o ABSOLUTE
    ../clib/printf.c                         0x00000000   Number         0  _printf_fp_hex.o ABSOLUTE
    ../clib/printf.c                         0x00000000   Number         0  __printf_nopercent.o ABSOLUTE
    ../clib/printf.c                         0x00000000   Number         0  _printf_char.o ABSOLUTE
    ../clib/printf.c                         0x00000000   Number         0  _printf_wchar.o ABSOLUTE
    ../clib/printf.c                         0x00000000   Number         0  _printf_fp_infnan.o ABSOLUTE
    ../clib/printf_percent.s                 0x00000000   Number         0  _printf_c.o ABSOLUTE
    ../clib/printf_percent.s                 0x00000000   Number         0  _printf_s.o ABSOLUTE
    ../clib/printf_percent.s                 0x00000000   Number         0  _printf_n.o ABSOLUTE
    ../clib/printf_percent.s                 0x00000000   Number         0  _printf_x.o ABSOLUTE
    ../clib/printf_percent.s                 0x00000000   Number         0  _printf_p.o ABSOLUTE
    ../clib/printf_percent.s                 0x00000000   Number         0  _printf_o.o ABSOLUTE
    ../clib/printf_percent.s                 0x00000000   Number         0  _printf_i.o ABSOLUTE
    ../clib/printf_percent.s                 0x00000000   Number         0  _printf_d.o ABSOLUTE
    ../clib/printf_percent.s                 0x00000000   Number         0  _printf_u.o ABSOLUTE
    ../clib/printf_percent.s                 0x00000000   Number         0  _printf_f.o ABSOLUTE
    ../clib/printf_percent.s                 0x00000000   Number         0  _printf_e.o ABSOLUTE
    ../clib/printf_percent.s                 0x00000000   Number         0  _printf_g.o ABSOLUTE
    ../clib/printf_percent.s                 0x00000000   Number         0  _printf_a.o ABSOLUTE
    ../clib/printf_percent.s                 0x00000000   Number         0  _printf_percent.o ABSOLUTE
    ../clib/printf_percent.s                 0x00000000   Number         0  _printf_lli.o ABSOLUTE
    ../clib/printf_percent.s                 0x00000000   Number         0  _printf_lld.o ABSOLUTE
    ../clib/printf_percent.s                 0x00000000   Number         0  _printf_llu.o ABSOLUTE
    ../clib/printf_percent.s                 0x00000000   Number         0  _printf_ll.o ABSOLUTE
    ../clib/printf_percent.s                 0x00000000   Number         0  _printf_l.o ABSOLUTE
    ../clib/printf_percent.s                 0x00000000   Number         0  _printf_lc.o ABSOLUTE
    ../clib/printf_percent.s                 0x00000000   Number         0  _printf_ls.o ABSOLUTE
    ../clib/printf_percent.s                 0x00000000   Number         0  _printf_llo.o ABSOLUTE
    ../clib/printf_percent.s                 0x00000000   Number         0  _printf_llx.o ABSOLUTE
    ../clib/printf_percent.s                 0x00000000   Number         0  _printf_percent_end.o ABSOLUTE
    ../clib/signal.c                         0x00000000   Number         0  defsig_rtmem_outer.o ABSOLUTE
    ../clib/signal.c                         0x00000000   Number         0  defsig_rtmem_formal.o ABSOLUTE
    ../clib/signal.c                         0x00000000   Number         0  defsig_exit.o ABSOLUTE
    ../clib/signal.c                         0x00000000   Number         0  defsig_rtmem_inner.o ABSOLUTE
    ../clib/signal.c                         0x00000000   Number         0  __raise.o ABSOLUTE
    ../clib/signal.c                         0x00000000   Number         0  defsig_general.o ABSOLUTE
    ../clib/signal.c                         0x00000000   Number         0  defsig_abrt_inner.o ABSOLUTE
    ../clib/signal.c                         0x00000000   Number         0  defsig_fpe_inner.o ABSOLUTE
    ../clib/signal.c                         0x00000000   Number         0  defsig_rtred_inner.o ABSOLUTE
    ../clib/signal.c                         0x00000000   Number         0  defsig_stak_inner.o ABSOLUTE
    ../clib/signal.c                         0x00000000   Number         0  defsig_pvfn_inner.o ABSOLUTE
    ../clib/signal.c                         0x00000000   Number         0  defsig_cppl_inner.o ABSOLUTE
    ../clib/signal.c                         0x00000000   Number         0  defsig_segv_inner.o ABSOLUTE
    ../clib/signal.c                         0x00000000   Number         0  defsig_other.o ABSOLUTE
    ../clib/signal.s                         0x00000000   Number         0  defsig.o ABSOLUTE
    ../clib/stdlib.c                         0x00000000   Number         0  exit.o ABSOLUTE
    ../clib/string.c                         0x00000000   Number         0  strlen.o ABSOLUTE
    ../fplib/ddiv.s                          0x00000000   Number         0  ddiv.o ABSOLUTE
    ../fplib/dfix.s                          0x00000000   Number         0  dfix.o ABSOLUTE
    ../fplib/dmul.s                          0x00000000   Number         0  dmul.o ABSOLUTE
    ../fplib/dnaninf.s                       0x00000000   Number         0  dnaninf.o ABSOLUTE
    ../fplib/dretinf.s                       0x00000000   Number         0  dretinf.o ABSOLUTE
    ../fplib/fpinit.s                        0x00000000   Number         0  fpinit.o ABSOLUTE
    ../fplib/istatus.s                       0x00000000   Number         0  istatus.o ABSOLUTE
    ../fplib/printf1.s                       0x00000000   Number         0  printf1.o ABSOLUTE
    ../fplib/printf2.s                       0x00000000   Number         0  printf2.o ABSOLUTE
    ../fplib/printf2a.s                      0x00000000   Number         0  printf2a.o ABSOLUTE
    ../fplib/printf2b.s                      0x00000000   Number         0  printf2b.o ABSOLUTE
    ../fplib/usenofp.s                       0x00000000   Number         0  usenofp.o ABSOLUTE
    ../mathlib/fpclassify.c                  0x00000000   Number         0  fpclassify.o ABSOLUTE
    Buzzer.c                                 0x00000000   Number         0  buzzer.o ABSOLUTE
    LCD_Display.c                            0x00000000   Number         0  lcd_display.o ABSOLUTE
    PMOD_ENC.c                               0x00000000   Number         0  pmod_enc.o ABSOLUTE
    RTE/Device/TM4C123GH6PM/startup_TM4C123.s 0x00000000   Number         0  startup_tm4c123.o ABSOLUTE
    SysTick_Delay.c                          0x00000000   Number         0  systick_delay.o ABSOLUTE
    Timer_0A_Interrupt.c                     0x00000000   Number         0  timer_0a_interrupt.o ABSOLUTE
    dc.s                                     0x00000000   Number         0  dc.o ABSOLUTE
    main.c                                   0x00000000   Number         0  main.o ABSOLUTE
    system_TM4C123.c                         0x00000000   Number         0  system_tm4c123.o ABSOLUTE
    RESET                                    0x00000000   Section      620  startup_tm4c123.o(RESET)
    !!!main                                  0x0000026c   Section        8  __main.o(!!!main)
    !!!scatter                               0x00000274   Section       92  __scatter.o(!!!scatter)
    !!handler_copy                           0x000002d0   Section       26  __scatter_copy.o(!!handler_copy)
    !!handler_null                           0x000002ec   Section        2  __scatter.o(!!handler_null)
    !!handler_zi                             0x000002f0   Section       28  __scatter_zi.o(!!handler_zi)
    .ARM.Collect$$libinit$$00000000          0x0000030c   Section        2  libinit.o(.ARM.Collect$$libinit$$00000000)
    .ARM.Collect$$libinit$$00000001          0x0000030e   Section        4  libinit2.o(.ARM.Collect$$libinit$$00000001)
    .ARM.Collect$$libinit$$00000004          0x00000312   Section        0  libinit2.o(.ARM.Collect$$libinit$$00000004)
    .ARM.Collect$$libinit$$00000006          0x00000312   Section        0  libinit2.o(.ARM.Collect$$libinit$$00000006)
    .ARM.Collect$$libinit$$0000000C          0x00000312   Section        0  libinit2.o(.ARM.Collect$$libinit$$0000000C)
    .ARM.Collect$$libinit$$0000000E          0x00000312   Section        0  libinit2.o(.ARM.Collect$$libinit$$0000000E)
    .ARM.Collect$$libinit$$00000010          0x00000312   Section        0  libinit2.o(.ARM.Collect$$libinit$$00000010)
    .ARM.Collect$$libinit$$00000013          0x00000312   Section        0  libinit2.o(.ARM.Collect$$libinit$$00000013)
    .ARM.Collect$$libinit$$00000015          0x00000312   Section        0  libinit2.o(.ARM.Collect$$libinit$$00000015)
    .ARM.Collect$$libinit$$00000017          0x00000312   Section        0  libinit2.o(.ARM.Collect$$libinit$$00000017)
    .ARM.Collect$$libinit$$00000019          0x00000312   Section        0  libinit2.o(.ARM.Collect$$libinit$$00000019)
    .ARM.Collect$$libinit$$0000001B          0x00000312   Section        0  libinit2.o(.ARM.Collect$$libinit$$0000001B)
    .ARM.Collect$$libinit$$0000001D          0x00000312   Section        0  libinit2.o(.ARM.Collect$$libinit$$0000001D)
    .ARM.Collect$$libinit$$0000001F          0x00000312   Section        0  libinit2.o(.ARM.Collect$$libinit$$0000001F)
    .ARM.Collect$$libinit$$00000021          0x00000312   Section        0  libinit2.o(.ARM.Collect$$libinit$$00000021)
    .ARM.Collect$$libinit$$00000023          0x00000312   Section        0  libinit2.o(.ARM.Collect$$libinit$$00000023)
    .ARM.Collect$$libinit$$00000025          0x00000312   Section        0  libinit2.o(.ARM.Collect$$libinit$$00000025)
    .ARM.Collect$$libinit$$00000027          0x00000312   Section        0  libinit2.o(.ARM.Collect$$libinit$$00000027)
    .ARM.Collect$$libinit$$0000002E          0x00000312   Section        0  libinit2.o(.ARM.Collect$$libinit$$0000002E)
    .ARM.Collect$$libinit$$00000030          0x00000312   Section        0  libinit2.o(.ARM.Collect$$libinit$$00000030)
    .ARM.Collect$$libinit$$00000032          0x00000312   Section        0  libinit2.o(.ARM.Collect$$libinit$$00000032)
    .ARM.Collect$$libinit$$00000034          0x00000312   Section        0  libinit2.o(.ARM.Collect$$libinit$$00000034)
    .ARM.Collect$$libinit$$00000035          0x00000312   Section        2  libinit2.o(.ARM.Collect$$libinit$$00000035)
    .ARM.Collect$$libshutdown$$00000000      0x00000314   Section        2  libshutdown.o(.ARM.Collect$$libshutdown$$00000000)
    .ARM.Collect$$libshutdown$$00000002      0x00000316   Section        0  libshutdown2.o(.ARM.Collect$$libshutdown$$00000002)
    .ARM.Collect$$libshutdown$$00000004      0x00000316   Section        0  libshutdown2.o(.ARM.Collect$$libshutdown$$00000004)
    .ARM.Collect$$libshutdown$$00000007      0x00000316   Section        0  libshutdown2.o(.ARM.Collect$$libshutdown$$00000007)
    .ARM.Collect$$libshutdown$$0000000A      0x00000316   Section        0  libshutdown2.o(.ARM.Collect$$libshutdown$$0000000A)
    .ARM.Collect$$libshutdown$$0000000C      0x00000316   Section        0  libshutdown2.o(.ARM.Collect$$libshutdown$$0000000C)
    .ARM.Collect$$libshutdown$$0000000F      0x00000316   Section        0  libshutdown2.o(.ARM.Collect$$libshutdown$$0000000F)
    .ARM.Collect$$libshutdown$$00000010      0x00000316   Section        2  libshutdown2.o(.ARM.Collect$$libshutdown$$00000010)
    .ARM.Collect$$rtentry$$00000000          0x00000318   Section        0  __rtentry.o(.ARM.Collect$$rtentry$$00000000)
    .ARM.Collect$$rtentry$$00000002          0x00000318   Section        0  __rtentry2.o(.ARM.Collect$$rtentry$$00000002)
    .ARM.Collect$$rtentry$$00000004          0x00000318   Section        6  __rtentry4.o(.ARM.Collect$$rtentry$$00000004)
    .ARM.Collect$$rtentry$$00000009          0x0000031e   Section        0  __rtentry2.o(.ARM.Collect$$rtentry$$00000009)
    .ARM.Collect$$rtentry$$0000000A          0x0000031e   Section        4  __rtentry2.o(.ARM.Collect$$rtentry$$0000000A)
    .ARM.Collect$$rtentry$$0000000C          0x00000322   Section        0  __rtentry2.o(.ARM.Collect$$rtentry$$0000000C)
    .ARM.Collect$$rtentry$$0000000D          0x00000322   Section        8  __rtentry2.o(.ARM.Collect$$rtentry$$0000000D)
    .ARM.Collect$$rtexit$$00000000           0x0000032a   Section        2  rtexit.o(.ARM.Collect$$rtexit$$00000000)
    .ARM.Collect$$rtexit$$00000002           0x0000032c   Section        0  rtexit2.o(.ARM.Collect$$rtexit$$00000002)
    .ARM.Collect$$rtexit$$00000003           0x0000032c   Section        4  rtexit2.o(.ARM.Collect$$rtexit$$00000003)
    .ARM.Collect$$rtexit$$00000004           0x00000330   Section        6  rtexit2.o(.ARM.Collect$$rtexit$$00000004)
    $v0                                      0x00000338   Number         0  startup_tm4c123.o(.text)
    .text                                    0x00000338   Section      276  startup_tm4c123.o(.text)
    .text                                    0x0000044c   Section        0  strlen.o(.text)
    .text                                    0x0000048a   Section        0  heapauxi.o(.text)
    .text                                    0x00000490   Section       74  sys_stackheap_outer.o(.text)
    .text                                    0x000004da   Section        0  exit.o(.text)
    .text                                    0x000004ec   Section        8  libspace.o(.text)
    .text                                    0x000004f4   Section        0  sys_exit.o(.text)
    .text                                    0x00000500   Section        2  use_no_semi.o(.text)
    .text                                    0x00000502   Section        0  indicate_semi.o(.text)
    [Anonymous Symbol]                       0x00000504   Section        0  buzzer.o(.text.Buzzer_Init)
    [Anonymous Symbol]                       0x00000548   Section        0  buzzer.o(.text.Buzzer_Output)
    [Anonymous Symbol]                       0x00000568   Section        0  main.o(.text.Display_Main_Menu)
    [Anonymous Symbol]                       0x00000678   Section        0  lcd_display.o(.text.EduBase_LCD_Clear_Display)
    [Anonymous Symbol]                       0x00000684   Section        0  lcd_display.o(.text.EduBase_LCD_Create_Custom_Character)
    [Anonymous Symbol]                       0x000006d0   Section        0  lcd_display.o(.text.EduBase_LCD_Disable_Cursor)
    [Anonymous Symbol]                       0x000006f0   Section        0  lcd_display.o(.text.EduBase_LCD_Disable_Cursor_Blink)
    [Anonymous Symbol]                       0x00000710   Section        0  lcd_display.o(.text.EduBase_LCD_Display_Mario_Full_Image)
    [Anonymous Symbol]                       0x0000072c   Section        0  lcd_display.o(.text.EduBase_LCD_Display_Mario_Left_Hat)
    [Anonymous Symbol]                       0x00000744   Section        0  lcd_display.o(.text.EduBase_LCD_Display_Mario_Left_Leg)
    [Anonymous Symbol]                       0x0000075c   Section        0  lcd_display.o(.text.EduBase_LCD_Display_Mario_Middle_Hat)
    [Anonymous Symbol]                       0x00000778   Section        0  lcd_display.o(.text.EduBase_LCD_Display_Mario_Right_Hat)
    [Anonymous Symbol]                       0x00000794   Section        0  lcd_display.o(.text.EduBase_LCD_Display_Mario_Right_Leg)
    [Anonymous Symbol]                       0x000007ac   Section        0  lcd_display.o(.text.EduBase_LCD_Display_Mario_Torso)
    [Anonymous Symbol]                       0x000007c4   Section        0  lcd_display.o(.text.EduBase_LCD_Display_String)
    [Anonymous Symbol]                       0x000007fc   Section        0  lcd_display.o(.text.EduBase_LCD_Enable_Display)
    [Anonymous Symbol]                       0x0000081c   Section        0  lcd_display.o(.text.EduBase_LCD_Init)
    [Anonymous Symbol]                       0x00000884   Section        0  lcd_display.o(.text.EduBase_LCD_Ports_Init)
    [Anonymous Symbol]                       0x00000968   Section        0  lcd_display.o(.text.EduBase_LCD_Pulse_Enable)
    [Anonymous Symbol]                       0x000009a4   Section        0  lcd_display.o(.text.EduBase_LCD_Return_Home)
    [Anonymous Symbol]                       0x000009b0   Section        0  lcd_display.o(.text.EduBase_LCD_Scroll_Display_Left)
    [Anonymous Symbol]                       0x000009bc   Section        0  lcd_display.o(.text.EduBase_LCD_Scroll_Display_Right)
    [Anonymous Symbol]                       0x000009c8   Section        0  lcd_display.o(.text.EduBase_LCD_Send_Command)
    [Anonymous Symbol]                       0x00000a10   Section        0  lcd_display.o(.text.EduBase_LCD_Send_Data)
    [Anonymous Symbol]                       0x00000a3c   Section        0  lcd_display.o(.text.EduBase_LCD_Set_Cursor)
    [Anonymous Symbol]                       0x00000a8c   Section        0  lcd_display.o(.text.EduBase_LCD_Write_4_Bits)
    [Anonymous Symbol]                       0x00000b00   Section        0  pmod_enc.o(.text.PMOD_ENC_Button_Read)
    [Anonymous Symbol]                       0x00000b14   Section        0  pmod_enc.o(.text.PMOD_ENC_Get_Rotation)
    [Anonymous Symbol]                       0x00000b58   Section        0  pmod_enc.o(.text.PMOD_ENC_Get_State)
    [Anonymous Symbol]                       0x00000b74   Section        0  pmod_enc.o(.text.PMOD_ENC_Init)
    [Anonymous Symbol]                       0x00000bb8   Section        0  main.o(.text.PMOD_ENC_Task)
    [Anonymous Symbol]                       0x00000c80   Section        0  buzzer.o(.text.Play_Doom_Theme_Song)
    [Anonymous Symbol]                       0x00001460   Section        0  buzzer.o(.text.Play_Note)
    [Anonymous Symbol]                       0x000014f0   Section        0  buzzer.o(.text.Play_Super_Mario_Bros_Theme)
    [Anonymous Symbol]                       0x00002114   Section        0  main.o(.text.Process_Main_Menu_Selection)
    [Anonymous Symbol]                       0x000021fc   Section        0  systick_delay.o(.text.SysTick_Delay1ms)
    [Anonymous Symbol]                       0x00002248   Section        0  systick_delay.o(.text.SysTick_Delay1us)
    [Anonymous Symbol]                       0x00002274   Section        0  systick_delay.o(.text.SysTick_Delay_Init)
    [Anonymous Symbol]                       0x000022a0   Section        0  systick_delay.o(.text.SysTick_Handler)
    [Anonymous Symbol]                       0x000022e8   Section        0  system_tm4c123.o(.text.SystemInit)
    [Anonymous Symbol]                       0x000023f4   Section        0  timer_0a_interrupt.o(.text.TIMER0A_Handler)
    [Anonymous Symbol]                       0x00002424   Section        0  timer_0a_interrupt.o(.text.Timer_0A_Interrupt_Init)
    [Anonymous Symbol]                       0x000024d0   Section        0  buzzer.o(.text.Tyler_The_Creator_Like_Him)
    [Anonymous Symbol]                       0x00002fcc   Section        0  main.o(.text.main)
    $v0                                      0x000030b0   Number         0  ddiv.o(x$fpl$ddiv)
    x$fpl$ddiv                               0x000030b0   Section      696  ddiv.o(x$fpl$ddiv)
    ddiv_entry                               0x000030b7   Thumb Code     0  ddiv.o(x$fpl$ddiv)
    $v0                                      0x00003368   Number         0  dfix.o(x$fpl$dfix)
    x$fpl$dfix                               0x00003368   Section       94  dfix.o(x$fpl$dfix)
    $v0                                      0x000033c8   Number         0  dmul.o(x$fpl$dmul)
    x$fpl$dmul                               0x000033c8   Section      340  dmul.o(x$fpl$dmul)
    $v0                                      0x0000351c   Number         0  dnaninf.o(x$fpl$dnaninf)
    x$fpl$dnaninf                            0x0000351c   Section      156  dnaninf.o(x$fpl$dnaninf)
    $v0                                      0x000035b8   Number         0  dretinf.o(x$fpl$dretinf)
    x$fpl$dretinf                            0x000035b8   Section       12  dretinf.o(x$fpl$dretinf)
    $v0                                      0x000035c4   Number         0  fpinit.o(x$fpl$fpinit)
    x$fpl$fpinit                             0x000035c4   Section       26  fpinit.o(x$fpl$fpinit)
    .L.str.1                                 0x000035de   Data          11  main.o(.rodata.str1.1)
    [Anonymous Symbol]                       0x000035de   Section        0  main.o(.rodata.str1.1)
    x$fpl$usenofp                            0x000035de   Section        0  usenofp.o(x$fpl$usenofp)
    .L.str.2                                 0x000035e9   Data           9  main.o(.rodata.str1.1)
    .L.str.3                                 0x000035f2   Data           8  main.o(.rodata.str1.1)
    .L.str.4                                 0x000035fa   Data           8  main.o(.rodata.str1.1)
    .L.str                                   0x00003602   Data          17  main.o(.rodata.str1.1)
    mario_left_hat                           0x20000000   Data           8  main.o(.data.mario_left_hat)
    [Anonymous Symbol]                       0x20000000   Section        0  main.o(.data.mario_left_hat)
    mario_left_leg                           0x20000008   Data           8  main.o(.data.mario_left_leg)
    [Anonymous Symbol]                       0x20000008   Section        0  main.o(.data.mario_left_leg)
    mario_middle_hat                         0x20000010   Data           8  main.o(.data.mario_middle_hat)
    [Anonymous Symbol]                       0x20000010   Section        0  main.o(.data.mario_middle_hat)
    mario_right_hat                          0x20000018   Data           8  main.o(.data.mario_right_hat)
    [Anonymous Symbol]                       0x20000018   Section        0  main.o(.data.mario_right_hat)
    mario_right_leg                          0x20000020   Data           8  main.o(.data.mario_right_leg)
    [Anonymous Symbol]                       0x20000020   Section        0  main.o(.data.mario_right_leg)
    mario_torso                              0x20000028   Data           8  main.o(.data.mario_torso)
    [Anonymous Symbol]                       0x20000028   Section        0  main.o(.data.mario_torso)
    prev_main_menu_counter                   0x20000030   Data           4  main.o(.data.prev_main_menu_counter)
    [Anonymous Symbol]                       0x20000030   Section        0  main.o(.data.prev_main_menu_counter)
    right_arrow                              0x20000034   Data           8  main.o(.data.right_arrow)
    [Anonymous Symbol]                       0x20000034   Section        0  main.o(.data.right_arrow)
    .bss                                     0x20000040   Section       96  libspace.o(.bss)
    display_control                          0x200000a4   Data           1  lcd_display.o(.bss.display_control)
    [Anonymous Symbol]                       0x200000a4   Section        0  lcd_display.o(.bss.display_control)
    last_state                               0x200000a5   Data           1  main.o(.bss.last_state)
    [Anonymous Symbol]                       0x200000a5   Section        0  main.o(.bss.last_state)
    main_menu_counter                        0x200000a8   Data           4  main.o(.bss.main_menu_counter)
    [Anonymous Symbol]                       0x200000a8   Section        0  main.o(.bss.main_menu_counter)
    ms_active                                0x200000ac   Data           1  systick_delay.o(.bss.ms_active)
    [Anonymous Symbol]                       0x200000ac   Section        0  systick_delay.o(.bss.ms_active)
    ms_elapsed                               0x200000b0   Data           4  systick_delay.o(.bss.ms_elapsed)
    [Anonymous Symbol]                       0x200000b0   Section        0  systick_delay.o(.bss.ms_elapsed)
    pmod_enc_btn_pressed                     0x200000b4   Data           1  main.o(.bss.pmod_enc_btn_pressed)
    [Anonymous Symbol]                       0x200000b4   Section        0  main.o(.bss.pmod_enc_btn_pressed)
    state                                    0x200000b5   Data           1  main.o(.bss.state)
    [Anonymous Symbol]                       0x200000b5   Section        0  main.o(.bss.state)
    us_elapsed                               0x200000b8   Data           4  systick_delay.o(.bss.us_elapsed)
    [Anonymous Symbol]                       0x200000b8   Section        0  systick_delay.o(.bss.us_elapsed)
    Heap_Mem                                 0x200000c0   Data           0  startup_tm4c123.o(HEAP)
    Stack_Mem                                0x200000c0   Data         512  startup_tm4c123.o(STACK)
    HEAP                                     0x200000c0   Section        0  startup_tm4c123.o(HEAP)
    STACK                                    0x200000c0   Section      512  startup_tm4c123.o(STACK)
    __initial_sp                             0x200002c0   Data           0  startup_tm4c123.o(STACK)

    Global Symbols

    Symbol Name                              Value     Ov Type        Size  Object(Section)

    BuildAttributes$$THM_ISAv4$E$P$D$K$B$S$7EM$VFPi3$EXTD16$VFPS$VFMA$PE$A:L22UL41UL21$X:L11$S22US41US21$IEEE1$IW$~IW$USESV6$~STKCKD$USESV7$~SHL$OTIME$ROPI$IEEEJ$EBA8$UX$STANDARDLIB$REQ8$PRES8$EABIv2 0x00000000   Number         0  anon$$obj.o ABSOLUTE
    __Vectors                                0x00000000   Data           4  startup_tm4c123.o(RESET)
    _printf_flags                            0x00000000   Number         0  printf_stubs.o ABSOLUTE
    _printf_return_value                     0x00000000   Number         0  printf_stubs.o ABSOLUTE
    _printf_sizespec                         0x00000000   Number         0  printf_stubs.o ABSOLUTE
    _printf_widthprec                        0x00000000   Number         0  printf_stubs.o ABSOLUTE
    __ARM_exceptions_init                     - Undefined Weak Reference
    __alloca_initialize                       - Undefined Weak Reference
    __arm_preinit_                            - Undefined Weak Reference
    __arm_relocate_pie_                       - Undefined Weak Reference
    __cpp_initialize__aeabi_                  - Undefined Weak Reference
    __cxa_finalize                            - Undefined Weak Reference
    __sigvec_lookup                           - Undefined Weak Reference
    _atexit_init                              - Undefined Weak Reference
    _call_atexit_fns                          - Undefined Weak Reference
    _clock_init                               - Undefined Weak Reference
    _fp_trap_init                             - Undefined Weak Reference
    _fp_trap_shutdown                         - Undefined Weak Reference
    _get_lc_collate                           - Undefined Weak Reference
    _get_lc_monetary                          - Undefined Weak Reference
    _get_lc_time                              - Undefined Weak Reference
    _getenv_init                              - Undefined Weak Reference
    _handle_redirection                       - Undefined Weak Reference
    _init_alloc                               - Undefined Weak Reference
    _init_user_alloc                          - Undefined Weak Reference
    _initio                                   - Undefined Weak Reference
    _printf_mbtowc                            - Undefined Weak Reference
    _printf_wc                                - Undefined Weak Reference
    _rand_init                                - Undefined Weak Reference
    _signal_finish                            - Undefined Weak Reference
    _signal_init                              - Undefined Weak Reference
    _terminate_alloc                          - Undefined Weak Reference
    _terminate_user_alloc                     - Undefined Weak Reference
    _terminateio                              - Undefined Weak Reference
    __Vectors_End                            0x0000026c   Data           0  startup_tm4c123.o(RESET)
    __Vectors_Size                           0x0000026c   Number         0  startup_tm4c123.o ABSOLUTE
    __main                                   0x0000026d   Thumb Code     8  __main.o(!!!main)
    __scatterload                            0x00000275   Thumb Code     0  __scatter.o(!!!scatter)
    __scatterload_rt2                        0x00000275   Thumb Code    84  __scatter.o(!!!scatter)
    __scatterload_rt2_thumb_only             0x00000275   Thumb Code     0  __scatter.o(!!!scatter)
    __scatterload_loop                       0x0000027f   Thumb Code     0  __scatter.o(!!!scatter)
    __scatterload_copy                       0x000002d1   Thumb Code    26  __scatter_copy.o(!!handler_copy)
    __scatterload_null                       0x000002ed   Thumb Code     2  __scatter.o(!!handler_null)
    __scatterload_zeroinit                   0x000002f1   Thumb Code    28  __scatter_zi.o(!!handler_zi)
    __rt_lib_init                            0x0000030d   Thumb Code     0  libinit.o(.ARM.Collect$$libinit$$00000000)
    __rt_lib_init_fp_1                       0x0000030f   Thumb Code     0  libinit2.o(.ARM.Collect$$libinit$$00000001)
    __rt_lib_init_alloca_1                   0x00000313   Thumb Code     0  libinit2.o(.ARM.Collect$$libinit$$00000030)
    __rt_lib_init_argv_1                     0x00000313   Thumb Code     0  libinit2.o(.ARM.Collect$$libinit$$0000002E)
    __rt_lib_init_atexit_1                   0x00000313   Thumb Code     0  libinit2.o(.ARM.Collect$$libinit$$0000001D)
    __rt_lib_init_clock_1                    0x00000313   Thumb Code     0  libinit2.o(.ARM.Collect$$libinit$$00000023)
    __rt_lib_init_cpp_1                      0x00000313   Thumb Code     0  libinit2.o(.ARM.Collect$$libinit$$00000034)
    __rt_lib_init_exceptions_1               0x00000313   Thumb Code     0  libinit2.o(.ARM.Collect$$libinit$$00000032)
    __rt_lib_init_fp_trap_1                  0x00000313   Thumb Code     0  libinit2.o(.ARM.Collect$$libinit$$00000021)
    __rt_lib_init_getenv_1                   0x00000313   Thumb Code     0  libinit2.o(.ARM.Collect$$libinit$$00000025)
    __rt_lib_init_heap_1                     0x00000313   Thumb Code     0  libinit2.o(.ARM.Collect$$libinit$$0000000C)
    __rt_lib_init_lc_collate_1               0x00000313   Thumb Code     0  libinit2.o(.ARM.Collect$$libinit$$00000013)
    __rt_lib_init_lc_ctype_1                 0x00000313   Thumb Code     0  libinit2.o(.ARM.Collect$$libinit$$00000015)
    __rt_lib_init_lc_monetary_1              0x00000313   Thumb Code     0  libinit2.o(.ARM.Collect$$libinit$$00000017)
    __rt_lib_init_lc_numeric_1               0x00000313   Thumb Code     0  libinit2.o(.ARM.Collect$$libinit$$00000019)
    __rt_lib_init_lc_time_1                  0x00000313   Thumb Code     0  libinit2.o(.ARM.Collect$$libinit$$0000001B)
    __rt_lib_init_preinit_1                  0x00000313   Thumb Code     0  libinit2.o(.ARM.Collect$$libinit$$00000006)
    __rt_lib_init_rand_1                     0x00000313   Thumb Code     0  libinit2.o(.ARM.Collect$$libinit$$00000010)
    __rt_lib_init_relocate_pie_1             0x00000313   Thumb Code     0  libinit2.o(.ARM.Collect$$libinit$$00000004)
    __rt_lib_init_return                     0x00000313   Thumb Code     0  libinit2.o(.ARM.Collect$$libinit$$00000035)
    __rt_lib_init_signal_1                   0x00000313   Thumb Code     0  libinit2.o(.ARM.Collect$$libinit$$0000001F)
    __rt_lib_init_stdio_1                    0x00000313   Thumb Code     0  libinit2.o(.ARM.Collect$$libinit$$00000027)
    __rt_lib_init_user_alloc_1               0x00000313   Thumb Code     0  libinit2.o(.ARM.Collect$$libinit$$0000000E)
    __rt_lib_shutdown                        0x00000315   Thumb Code     0  libshutdown.o(.ARM.Collect$$libshutdown$$00000000)
    __rt_lib_shutdown_cpp_1                  0x00000317   Thumb Code     0  libshutdown2.o(.ARM.Collect$$libshutdown$$00000002)
    __rt_lib_shutdown_fp_trap_1              0x00000317   Thumb Code     0  libshutdown2.o(.ARM.Collect$$libshutdown$$00000007)
    __rt_lib_shutdown_heap_1                 0x00000317   Thumb Code     0  libshutdown2.o(.ARM.Collect$$libshutdown$$0000000F)
    __rt_lib_shutdown_return                 0x00000317   Thumb Code     0  libshutdown2.o(.ARM.Collect$$libshutdown$$00000010)
    __rt_lib_shutdown_signal_1               0x00000317   Thumb Code     0  libshutdown2.o(.ARM.Collect$$libshutdown$$0000000A)
    __rt_lib_shutdown_stdio_1                0x00000317   Thumb Code     0  libshutdown2.o(.ARM.Collect$$libshutdown$$00000004)
    __rt_lib_shutdown_user_alloc_1           0x00000317   Thumb Code     0  libshutdown2.o(.ARM.Collect$$libshutdown$$0000000C)
    __rt_entry                               0x00000319   Thumb Code     0  __rtentry.o(.ARM.Collect$$rtentry$$00000000)
    __rt_entry_presh_1                       0x00000319   Thumb Code     0  __rtentry2.o(.ARM.Collect$$rtentry$$00000002)
    __rt_entry_sh                            0x00000319   Thumb Code     0  __rtentry4.o(.ARM.Collect$$rtentry$$00000004)
    __rt_entry_li                            0x0000031f   Thumb Code     0  __rtentry2.o(.ARM.Collect$$rtentry$$0000000A)
    __rt_entry_postsh_1                      0x0000031f   Thumb Code     0  __rtentry2.o(.ARM.Collect$$rtentry$$00000009)
    __rt_entry_main                          0x00000323   Thumb Code     0  __rtentry2.o(.ARM.Collect$$rtentry$$0000000D)
    __rt_entry_postli_1                      0x00000323   Thumb Code     0  __rtentry2.o(.ARM.Collect$$rtentry$$0000000C)
    __rt_exit                                0x0000032b   Thumb Code     0  rtexit.o(.ARM.Collect$$rtexit$$00000000)
    __rt_exit_ls                             0x0000032d   Thumb Code     0  rtexit2.o(.ARM.Collect$$rtexit$$00000003)
    __rt_exit_prels_1                        0x0000032d   Thumb Code     0  rtexit2.o(.ARM.Collect$$rtexit$$00000002)
    __rt_exit_exit                           0x00000331   Thumb Code     0  rtexit2.o(.ARM.Collect$$rtexit$$00000004)
    Reset_Handler                            0x00000339   Thumb Code     8  startup_tm4c123.o(.text)
    NMI_Handler                              0x00000341   Thumb Code     2  startup_tm4c123.o(.text)
    HardFault_Handler                        0x00000343   Thumb Code     2  startup_tm4c123.o(.text)
    MemManage_Handler                        0x00000345   Thumb Code     2  startup_tm4c123.o(.text)
    BusFault_Handler                         0x00000347   Thumb Code     2  startup_tm4c123.o(.text)
    UsageFault_Handler                       0x00000349   Thumb Code     2  startup_tm4c123.o(.text)
    SVC_Handler                              0x0000034b   Thumb Code     2  startup_tm4c123.o(.text)
    DebugMon_Handler                         0x0000034d   Thumb Code     2  startup_tm4c123.o(.text)
    PendSV_Handler                           0x0000034f   Thumb Code     2  startup_tm4c123.o(.text)
    GPIOA_Handler                            0x00000353   Thumb Code     2  startup_tm4c123.o(.text)
    GPIOB_Handler                            0x00000355   Thumb Code     2  startup_tm4c123.o(.text)
    GPIOC_Handler                            0x00000357   Thumb Code     2  startup_tm4c123.o(.text)
    GPIOD_Handler                            0x00000359   Thumb Code     2  startup_tm4c123.o(.text)
    GPIOE_Handler                            0x0000035b   Thumb Code     2  startup_tm4c123.o(.text)
    UART0_Handler                            0x0000035d   Thumb Code     2  startup_tm4c123.o(.text)
    UART1_Handler                            0x0000035f   Thumb Code     2  startup_tm4c123.o(.text)
    SSI0_Handler                             0x00000361   Thumb Code     2  startup_tm4c123.o(.text)
    I2C0_Handler                             0x00000363   Thumb Code     2  startup_tm4c123.o(.text)
    PMW0_FAULT_Handler                       0x00000365   Thumb Code     2  startup_tm4c123.o(.text)
    PWM0_0_Handler                           0x00000367   Thumb Code     2  startup_tm4c123.o(.text)
    PWM0_1_Handler                           0x00000369   Thumb Code     2  startup_tm4c123.o(.text)
    PWM0_2_Handler                           0x0000036b   Thumb Code     2  startup_tm4c123.o(.text)
    QEI0_Handler                             0x0000036d   Thumb Code     2  startup_tm4c123.o(.text)
    ADC0SS0_Handler                          0x0000036f   Thumb Code     2  startup_tm4c123.o(.text)
    ADC0SS1_Handler                          0x00000371   Thumb Code     2  startup_tm4c123.o(.text)
    ADC0SS2_Handler                          0x00000373   Thumb Code     2  startup_tm4c123.o(.text)
    ADC0SS3_Handler                          0x00000375   Thumb Code     2  startup_tm4c123.o(.text)
    WDT0_Handler                             0x00000377   Thumb Code     2  startup_tm4c123.o(.text)
    TIMER0B_Handler                          0x0000037b   Thumb Code     2  startup_tm4c123.o(.text)
    TIMER1A_Handler                          0x0000037d   Thumb Code     2  startup_tm4c123.o(.text)
    TIMER1B_Handler                          0x0000037f   Thumb Code     2  startup_tm4c123.o(.text)
    TIMER2A_Handler                          0x00000381   Thumb Code     2  startup_tm4c123.o(.text)
    TIMER2B_Handler                          0x00000383   Thumb Code     2  startup_tm4c123.o(.text)
    COMP0_Handler                            0x00000385   Thumb Code     2  startup_tm4c123.o(.text)
    COMP1_Handler                            0x00000387   Thumb Code     2  startup_tm4c123.o(.text)
    COMP2_Handler                            0x00000389   Thumb Code     2  startup_tm4c123.o(.text)
    SYSCTL_Handler                           0x0000038b   Thumb Code     2  startup_tm4c123.o(.text)
    FLASH_Handler                            0x0000038d   Thumb Code     2  startup_tm4c123.o(.text)
    GPIOF_Handler                            0x0000038f   Thumb Code     2  startup_tm4c123.o(.text)
    GPIOG_Handler                            0x00000391   Thumb Code     2  startup_tm4c123.o(.text)
    GPIOH_Handler                            0x00000393   Thumb Code     2  startup_tm4c123.o(.text)
    UART2_Handler                            0x00000395   Thumb Code     2  startup_tm4c123.o(.text)
    SSI1_Handler                             0x00000397   Thumb Code     2  startup_tm4c123.o(.text)
    TIMER3A_Handler                          0x00000399   Thumb Code     2  startup_tm4c123.o(.text)
    TIMER3B_Handler                          0x0000039b   Thumb Code     2  startup_tm4c123.o(.text)
    I2C1_Handler                             0x0000039d   Thumb Code     2  startup_tm4c123.o(.text)
    QEI1_Handler                             0x0000039f   Thumb Code     2  startup_tm4c123.o(.text)
    CAN0_Handler                             0x000003a1   Thumb Code     2  startup_tm4c123.o(.text)
    CAN1_Handler                             0x000003a3   Thumb Code     2  startup_tm4c123.o(.text)
    CAN2_Handler                             0x000003a5   Thumb Code     2  startup_tm4c123.o(.text)
    HIB_Handler                              0x000003a7   Thumb Code     2  startup_tm4c123.o(.text)
    USB0_Handler                             0x000003a9   Thumb Code     2  startup_tm4c123.o(.text)
    PWM0_3_Handler                           0x000003ab   Thumb Code     2  startup_tm4c123.o(.text)
    UDMA_Handler                             0x000003ad   Thumb Code     2  startup_tm4c123.o(.text)
    UDMAERR_Handler                          0x000003af   Thumb Code     2  startup_tm4c123.o(.text)
    ADC1SS0_Handler                          0x000003b1   Thumb Code     2  startup_tm4c123.o(.text)
    ADC1SS1_Handler                          0x000003b3   Thumb Code     2  startup_tm4c123.o(.text)
    ADC1SS2_Handler                          0x000003b5   Thumb Code     2  startup_tm4c123.o(.text)
    ADC1SS3_Handler                          0x000003b7   Thumb Code     2  startup_tm4c123.o(.text)
    GPIOJ_Handler                            0x000003b9   Thumb Code     2  startup_tm4c123.o(.text)
    GPIOK_Handler                            0x000003bb   Thumb Code     2  startup_tm4c123.o(.text)
    GPIOL_Handler                            0x000003bd   Thumb Code     2  startup_tm4c123.o(.text)
    SSI2_Handler                             0x000003bf   Thumb Code     2  startup_tm4c123.o(.text)
    SSI3_Handler                             0x000003c1   Thumb Code     2  startup_tm4c123.o(.text)
    UART3_Handler                            0x000003c3   Thumb Code     2  startup_tm4c123.o(.text)
    UART4_Handler                            0x000003c5   Thumb Code     2  startup_tm4c123.o(.text)
    UART5_Handler                            0x000003c7   Thumb Code     2  startup_tm4c123.o(.text)
    UART6_Handler                            0x000003c9   Thumb Code     2  startup_tm4c123.o(.text)
    UART7_Handler                            0x000003cb   Thumb Code     2  startup_tm4c123.o(.text)
    I2C2_Handler                             0x000003cd   Thumb Code     2  startup_tm4c123.o(.text)
    I2C3_Handler                             0x000003cf   Thumb Code     2  startup_tm4c123.o(.text)
    TIMER4A_Handler                          0x000003d1   Thumb Code     2  startup_tm4c123.o(.text)
    TIMER4B_Handler                          0x000003d3   Thumb Code     2  startup_tm4c123.o(.text)
    TIMER5A_Handler                          0x000003d5   Thumb Code     2  startup_tm4c123.o(.text)
    TIMER5B_Handler                          0x000003d7   Thumb Code     2  startup_tm4c123.o(.text)
    WTIMER0A_Handler                         0x000003d9   Thumb Code     2  startup_tm4c123.o(.text)
    WTIMER0B_Handler                         0x000003db   Thumb Code     2  startup_tm4c123.o(.text)
    WTIMER1A_Handler                         0x000003dd   Thumb Code     2  startup_tm4c123.o(.text)
    WTIMER1B_Handler                         0x000003df   Thumb Code     2  startup_tm4c123.o(.text)
    WTIMER2A_Handler                         0x000003e1   Thumb Code     2  startup_tm4c123.o(.text)
    WTIMER2B_Handler                         0x000003e3   Thumb Code     2  startup_tm4c123.o(.text)
    WTIMER3A_Handler                         0x000003e5   Thumb Code     2  startup_tm4c123.o(.text)
    WTIMER3B_Handler                         0x000003e7   Thumb Code     2  startup_tm4c123.o(.text)
    WTIMER4A_Handler                         0x000003e9   Thumb Code     2  startup_tm4c123.o(.text)
    WTIMER4B_Handler                         0x000003eb   Thumb Code     2  startup_tm4c123.o(.text)
    WTIMER5A_Handler                         0x000003ed   Thumb Code     2  startup_tm4c123.o(.text)
    WTIMER5B_Handler                         0x000003ef   Thumb Code     2  startup_tm4c123.o(.text)
    FPU_Handler                              0x000003f1   Thumb Code     2  startup_tm4c123.o(.text)
    I2C4_Handler                             0x000003f3   Thumb Code     2  startup_tm4c123.o(.text)
    I2C5_Handler                             0x000003f5   Thumb Code     2  startup_tm4c123.o(.text)
    GPIOM_Handler                            0x000003f7   Thumb Code     2  startup_tm4c123.o(.text)
    GPION_Handler                            0x000003f9   Thumb Code     2  startup_tm4c123.o(.text)
    QEI2_Handler                             0x000003fb   Thumb Code     2  startup_tm4c123.o(.text)
    GPIOP0_Handler                           0x000003fd   Thumb Code     2  startup_tm4c123.o(.text)
    GPIOP1_Handler                           0x000003ff   Thumb Code     2  startup_tm4c123.o(.text)
    GPIOP2_Handler                           0x00000401   Thumb Code     2  startup_tm4c123.o(.text)
    GPIOP3_Handler                           0x00000403   Thumb Code     2  startup_tm4c123.o(.text)
    GPIOP4_Handler                           0x00000405   Thumb Code     2  startup_tm4c123.o(.text)
    GPIOP5_Handler                           0x00000407   Thumb Code     2  startup_tm4c123.o(.text)
    GPIOP6_Handler                           0x00000409   Thumb Code     2  startup_tm4c123.o(.text)
    GPIOP7_Handler                           0x0000040b   Thumb Code     2  startup_tm4c123.o(.text)
    GPIOQ0_Handler                           0x0000040d   Thumb Code     2  startup_tm4c123.o(.text)
    GPIOQ1_Handler                           0x0000040f   Thumb Code     2  startup_tm4c123.o(.text)
    GPIOQ2_Handler                           0x00000411   Thumb Code     2  startup_tm4c123.o(.text)
    GPIOQ3_Handler                           0x00000413   Thumb Code     2  startup_tm4c123.o(.text)
    GPIOQ4_Handler                           0x00000415   Thumb Code     2  startup_tm4c123.o(.text)
    GPIOQ5_Handler                           0x00000417   Thumb Code     2  startup_tm4c123.o(.text)
    GPIOQ6_Handler                           0x00000419   Thumb Code     2  startup_tm4c123.o(.text)
    GPIOQ7_Handler                           0x0000041b   Thumb Code     2  startup_tm4c123.o(.text)
    GPIOR_Handler                            0x0000041d   Thumb Code     2  startup_tm4c123.o(.text)
    GPIOS_Handler                            0x0000041f   Thumb Code     2  startup_tm4c123.o(.text)
    PMW1_0_Handler                           0x00000421   Thumb Code     2  startup_tm4c123.o(.text)
    PWM1_1_Handler                           0x00000423   Thumb Code     2  startup_tm4c123.o(.text)
    PWM1_2_Handler                           0x00000425   Thumb Code     2  startup_tm4c123.o(.text)
    PWM1_3_Handler                           0x00000427   Thumb Code     2  startup_tm4c123.o(.text)
    PWM1_FAULT_Handler                       0x00000429   Thumb Code     2  startup_tm4c123.o(.text)
    __user_initial_stackheap                 0x0000042d   Thumb Code     0  startup_tm4c123.o(.text)
    strlen                                   0x0000044d   Thumb Code    62  strlen.o(.text)
    __use_two_region_memory                  0x0000048b   Thumb Code     2  heapauxi.o(.text)
    __rt_heap_escrow$2region                 0x0000048d   Thumb Code     2  heapauxi.o(.text)
    __rt_heap_expand$2region                 0x0000048f   Thumb Code     2  heapauxi.o(.text)
    __user_setup_stackheap                   0x00000491   Thumb Code    74  sys_stackheap_outer.o(.text)
    exit                                     0x000004db   Thumb Code    18  exit.o(.text)
    __user_libspace                          0x000004ed   Thumb Code     8  libspace.o(.text)
    __user_perproc_libspace                  0x000004ed   Thumb Code     0  libspace.o(.text)
    __user_perthread_libspace                0x000004ed   Thumb Code     0  libspace.o(.text)
    _sys_exit                                0x000004f5   Thumb Code     8  sys_exit.o(.text)
    __I$use$semihosting                      0x00000501   Thumb Code     0  use_no_semi.o(.text)
    __use_no_semihosting_swi                 0x00000501   Thumb Code     2  use_no_semi.o(.text)
    __semihosting_library_function           0x00000503   Thumb Code     0  indicate_semi.o(.text)
    Buzzer_Init                              0x00000505   Thumb Code    66  buzzer.o(.text.Buzzer_Init)
    Buzzer_Output                            0x00000549   Thumb Code    32  buzzer.o(.text.Buzzer_Output)
    Display_Main_Menu                        0x00000569   Thumb Code   270  main.o(.text.Display_Main_Menu)
    EduBase_LCD_Clear_Display                0x00000679   Thumb Code    10  lcd_display.o(.text.EduBase_LCD_Clear_Display)
    EduBase_LCD_Create_Custom_Character      0x00000685   Thumb Code    76  lcd_display.o(.text.EduBase_LCD_Create_Custom_Character)
    EduBase_LCD_Disable_Cursor               0x000006d1   Thumb Code    30  lcd_display.o(.text.EduBase_LCD_Disable_Cursor)
    EduBase_LCD_Disable_Cursor_Blink         0x000006f1   Thumb Code    30  lcd_display.o(.text.EduBase_LCD_Disable_Cursor_Blink)
    EduBase_LCD_Display_Mario_Full_Image     0x00000711   Thumb Code    28  lcd_display.o(.text.EduBase_LCD_Display_Mario_Full_Image)
    EduBase_LCD_Display_Mario_Left_Hat       0x0000072d   Thumb Code    22  lcd_display.o(.text.EduBase_LCD_Display_Mario_Left_Hat)
    EduBase_LCD_Display_Mario_Left_Leg       0x00000745   Thumb Code    22  lcd_display.o(.text.EduBase_LCD_Display_Mario_Left_Leg)
    EduBase_LCD_Display_Mario_Middle_Hat     0x0000075d   Thumb Code    28  lcd_display.o(.text.EduBase_LCD_Display_Mario_Middle_Hat)
    EduBase_LCD_Display_Mario_Right_Hat      0x00000779   Thumb Code    28  lcd_display.o(.text.EduBase_LCD_Display_Mario_Right_Hat)
    EduBase_LCD_Display_Mario_Right_Leg      0x00000795   Thumb Code    22  lcd_display.o(.text.EduBase_LCD_Display_Mario_Right_Leg)
    EduBase_LCD_Display_Mario_Torso          0x000007ad   Thumb Code    22  lcd_display.o(.text.EduBase_LCD_Display_Mario_Torso)
    EduBase_LCD_Display_String               0x000007c5   Thumb Code    56  lcd_display.o(.text.EduBase_LCD_Display_String)
    EduBase_LCD_Enable_Display               0x000007fd   Thumb Code    30  lcd_display.o(.text.EduBase_LCD_Enable_Display)
    EduBase_LCD_Init                         0x0000081d   Thumb Code   104  lcd_display.o(.text.EduBase_LCD_Init)
    EduBase_LCD_Ports_Init                   0x00000885   Thumb Code   226  lcd_display.o(.text.EduBase_LCD_Ports_Init)
    EduBase_LCD_Pulse_Enable                 0x00000969   Thumb Code    60  lcd_display.o(.text.EduBase_LCD_Pulse_Enable)
    EduBase_LCD_Return_Home                  0x000009a5   Thumb Code    10  lcd_display.o(.text.EduBase_LCD_Return_Home)
    EduBase_LCD_Scroll_Display_Left          0x000009b1   Thumb Code    10  lcd_display.o(.text.EduBase_LCD_Scroll_Display_Left)
    EduBase_LCD_Scroll_Display_Right         0x000009bd   Thumb Code    10  lcd_display.o(.text.EduBase_LCD_Scroll_Display_Right)
    EduBase_LCD_Send_Command                 0x000009c9   Thumb Code    70  lcd_display.o(.text.EduBase_LCD_Send_Command)
    EduBase_LCD_Send_Data                    0x00000a11   Thumb Code    42  lcd_display.o(.text.EduBase_LCD_Send_Data)
    EduBase_LCD_Set_Cursor                   0x00000a3d   Thumb Code    80  lcd_display.o(.text.EduBase_LCD_Set_Cursor)
    EduBase_LCD_Write_4_Bits                 0x00000a8d   Thumb Code   114  lcd_display.o(.text.EduBase_LCD_Write_4_Bits)
    PMOD_ENC_Button_Read                     0x00000b01   Thumb Code    18  pmod_enc.o(.text.PMOD_ENC_Button_Read)
    PMOD_ENC_Get_Rotation                    0x00000b15   Thumb Code    68  pmod_enc.o(.text.PMOD_ENC_Get_Rotation)
    PMOD_ENC_Get_State                       0x00000b59   Thumb Code    28  pmod_enc.o(.text.PMOD_ENC_Get_State)
    PMOD_ENC_Init                            0x00000b75   Thumb Code    66  pmod_enc.o(.text.PMOD_ENC_Init)
    PMOD_ENC_Task                            0x00000bb9   Thumb Code   200  main.o(.text.PMOD_ENC_Task)
    Play_Doom_Theme_Song                     0x00000c81   Thumb Code  2016  buzzer.o(.text.Play_Doom_Theme_Song)
    Play_Note                                0x00001461   Thumb Code   128  buzzer.o(.text.Play_Note)
    Play_Super_Mario_Bros_Theme              0x000014f1   Thumb Code  3108  buzzer.o(.text.Play_Super_Mario_Bros_Theme)
    Process_Main_Menu_Selection              0x00002115   Thumb Code   232  main.o(.text.Process_Main_Menu_Selection)
    SysTick_Delay1ms                         0x000021fd   Thumb Code    76  systick_delay.o(.text.SysTick_Delay1ms)
    SysTick_Delay1us                         0x00002249   Thumb Code    42  systick_delay.o(.text.SysTick_Delay1us)
    SysTick_Delay_Init                       0x00002275   Thumb Code    42  systick_delay.o(.text.SysTick_Delay_Init)
    SysTick_Handler                          0x000022a1   Thumb Code    70  systick_delay.o(.text.SysTick_Handler)
    SystemInit                               0x000022e9   Thumb Code   268  system_tm4c123.o(.text.SystemInit)
    TIMER0A_Handler                          0x000023f5   Thumb Code    46  timer_0a_interrupt.o(.text.TIMER0A_Handler)
    Timer_0A_Interrupt_Init                  0x00002425   Thumb Code   172  timer_0a_interrupt.o(.text.Timer_0A_Interrupt_Init)
    Tyler_The_Creator_Like_Him               0x000024d1   Thumb Code  2810  buzzer.o(.text.Tyler_The_Creator_Like_Him)
    main                                     0x00002fcd   Thumb Code   226  main.o(.text.main)
    __aeabi_ddiv                             0x000030b1   Thumb Code     0  ddiv.o(x$fpl$ddiv)
    _ddiv                                    0x000030b1   Thumb Code   560  ddiv.o(x$fpl$ddiv)
    __aeabi_d2iz                             0x00003369   Thumb Code     0  dfix.o(x$fpl$dfix)
    _dfix                                    0x00003369   Thumb Code    94  dfix.o(x$fpl$dfix)
    __aeabi_dmul                             0x000033c9   Thumb Code     0  dmul.o(x$fpl$dmul)
    _dmul                                    0x000033c9   Thumb Code   332  dmul.o(x$fpl$dmul)
    __fpl_dnaninf                            0x0000351d   Thumb Code   156  dnaninf.o(x$fpl$dnaninf)
    __fpl_dretinf                            0x000035b9   Thumb Code    12  dretinf.o(x$fpl$dretinf)
    _fp_init                                 0x000035c5   Thumb Code    26  fpinit.o(x$fpl$fpinit)
    __fplib_config_fpu_vfp                   0x000035dd   Thumb Code     0  fpinit.o(x$fpl$fpinit)
    __fplib_config_pureend_doubles           0x000035dd   Thumb Code     0  fpinit.o(x$fpl$fpinit)
    __I$use$fp                               0x000035de   Number         0  usenofp.o(x$fpl$usenofp)
    Region$$Table$$Base                      0x00003614   Number         0  anon$$obj.o(Region$$Table)
    Region$$Table$$Limit                     0x00003634   Number         0  anon$$obj.o(Region$$Table)
    __libspace_start                         0x20000040   Data          96  libspace.o(.bss)
    Timer_0A_Task                            0x200000a0   Data           4  timer_0a_interrupt.o(.bss.Timer_0A_Task)
    __temporary_stack_top$libspace           0x200000a0   Data           0  libspace.o(.bss)



==============================================================================

Memory Map of the image

  Image Entry point : 0x00000339

  Load Region LR_1 (Base: 0x00000000, Size: 0x00003670, Max: 0xffffffff, ABSOLUTE)

    Execution Region ER_RO (Exec base: 0x00000000, Load base: 0x00000000, Size: 0x00003634, Max: 0xffffffff, ABSOLUTE)

    Exec Addr    Load Addr    Size         Type   Attr      Idx    E Section Name        Object

    0x00000000   0x00000000   0x0000026c   Data   RO          278    RESET               startup_tm4c123.o
    0x0000026c   0x0000026c   0x00000008   Code   RO          307  * !!!main             c_w.l(__main.o)
    0x00000274   0x00000274   0x0000005c   Code   RO          658    !!!scatter          c_w.l(__scatter.o)
    0x000002d0   0x000002d0   0x0000001a   Code   RO          662    !!handler_copy      c_w.l(__scatter_copy.o)
    0x000002ea   0x000002ea   0x00000002   PAD
    0x000002ec   0x000002ec   0x00000002   Code   RO          659    !!handler_null      c_w.l(__scatter.o)
    0x000002ee   0x000002ee   0x00000002   PAD
    0x000002f0   0x000002f0   0x0000001c   Code   RO          664    !!handler_zi        c_w.l(__scatter_zi.o)
    0x0000030c   0x0000030c   0x00000002   Code   RO          507    .ARM.Collect$$libinit$$00000000  c_w.l(libinit.o)
    0x0000030e   0x0000030e   0x00000004   Code   RO          524    .ARM.Collect$$libinit$$00000001  c_w.l(libinit2.o)
    0x00000312   0x00000312   0x00000000   Code   RO          527    .ARM.Collect$$libinit$$00000004  c_w.l(libinit2.o)
    0x00000312   0x00000312   0x00000000   Code   RO          529    .ARM.Collect$$libinit$$00000006  c_w.l(libinit2.o)
    0x00000312   0x00000312   0x00000000   Code   RO          532    .ARM.Collect$$libinit$$0000000C  c_w.l(libinit2.o)
    0x00000312   0x00000312   0x00000000   Code   RO          534    .ARM.Collect$$libinit$$0000000E  c_w.l(libinit2.o)
    0x00000312   0x00000312   0x00000000   Code   RO          536    .ARM.Collect$$libinit$$00000010  c_w.l(libinit2.o)
    0x00000312   0x00000312   0x00000000   Code   RO          539    .ARM.Collect$$libinit$$00000013  c_w.l(libinit2.o)
    0x00000312   0x00000312   0x00000000   Code   RO          541    .ARM.Collect$$libinit$$00000015  c_w.l(libinit2.o)
    0x00000312   0x00000312   0x00000000   Code   RO          543    .ARM.Collect$$libinit$$00000017  c_w.l(libinit2.o)
    0x00000312   0x00000312   0x00000000   Code   RO          545    .ARM.Collect$$libinit$$00000019  c_w.l(libinit2.o)
    0x00000312   0x00000312   0x00000000   Code   RO          547    .ARM.Collect$$libinit$$0000001B  c_w.l(libinit2.o)
    0x00000312   0x00000312   0x00000000   Code   RO          549    .ARM.Collect$$libinit$$0000001D  c_w.l(libinit2.o)
    0x00000312   0x00000312   0x00000000   Code   RO          551    .ARM.Collect$$libinit$$0000001F  c_w.l(libinit2.o)
    0x00000312   0x00000312   0x00000000   Code   RO          553    .ARM.Collect$$libinit$$00000021  c_w.l(libinit2.o)
    0x00000312   0x00000312   0x00000000   Code   RO          555    .ARM.Collect$$libinit$$00000023  c_w.l(libinit2.o)
    0x00000312   0x00000312   0x00000000   Code   RO          557    .ARM.Collect$$libinit$$00000025  c_w.l(libinit2.o)
    0x00000312   0x00000312   0x00000000   Code   RO          559    .ARM.Collect$$libinit$$00000027  c_w.l(libinit2.o)
    0x00000312   0x00000312   0x00000000   Code   RO          563    .ARM.Collect$$libinit$$0000002E  c_w.l(libinit2.o)
    0x00000312   0x00000312   0x00000000   Code   RO          565    .ARM.Collect$$libinit$$00000030  c_w.l(libinit2.o)
    0x00000312   0x00000312   0x00000000   Code   RO          567    .ARM.Collect$$libinit$$00000032  c_w.l(libinit2.o)
    0x00000312   0x00000312   0x00000000   Code   RO          569    .ARM.Collect$$libinit$$00000034  c_w.l(libinit2.o)
    0x00000312   0x00000312   0x00000002   Code   RO          570    .ARM.Collect$$libinit$$00000035  c_w.l(libinit2.o)
    0x00000314   0x00000314   0x00000002   Code   RO          594    .ARM.Collect$$libshutdown$$00000000  c_w.l(libshutdown.o)
    0x00000316   0x00000316   0x00000000   Code   RO          609    .ARM.Collect$$libshutdown$$00000002  c_w.l(libshutdown2.o)
    0x00000316   0x00000316   0x00000000   Code   RO          611    .ARM.Collect$$libshutdown$$00000004  c_w.l(libshutdown2.o)
    0x00000316   0x00000316   0x00000000   Code   RO          614    .ARM.Collect$$libshutdown$$00000007  c_w.l(libshutdown2.o)
    0x00000316   0x00000316   0x00000000   Code   RO          617    .ARM.Collect$$libshutdown$$0000000A  c_w.l(libshutdown2.o)
    0x00000316   0x00000316   0x00000000   Code   RO          619    .ARM.Collect$$libshutdown$$0000000C  c_w.l(libshutdown2.o)
    0x00000316   0x00000316   0x00000000   Code   RO          622    .ARM.Collect$$libshutdown$$0000000F  c_w.l(libshutdown2.o)
    0x00000316   0x00000316   0x00000002   Code   RO          623    .ARM.Collect$$libshutdown$$00000010  c_w.l(libshutdown2.o)
    0x00000318   0x00000318   0x00000000   Code   RO          319    .ARM.Collect$$rtentry$$00000000  c_w.l(__rtentry.o)
    0x00000318   0x00000318   0x00000000   Code   RO          425    .ARM.Collect$$rtentry$$00000002  c_w.l(__rtentry2.o)
    0x00000318   0x00000318   0x00000006   Code   RO          437    .ARM.Collect$$rtentry$$00000004  c_w.l(__rtentry4.o)
    0x0000031e   0x0000031e   0x00000000   Code   RO          427    .ARM.Collect$$rtentry$$00000009  c_w.l(__rtentry2.o)
    0x0000031e   0x0000031e   0x00000004   Code   RO          428    .ARM.Collect$$rtentry$$0000000A  c_w.l(__rtentry2.o)
    0x00000322   0x00000322   0x00000000   Code   RO          430    .ARM.Collect$$rtentry$$0000000C  c_w.l(__rtentry2.o)
    0x00000322   0x00000322   0x00000008   Code   RO          431    .ARM.Collect$$rtentry$$0000000D  c_w.l(__rtentry2.o)
    0x0000032a   0x0000032a   0x00000002   Code   RO          515    .ARM.Collect$$rtexit$$00000000  c_w.l(rtexit.o)
    0x0000032c   0x0000032c   0x00000000   Code   RO          572    .ARM.Collect$$rtexit$$00000002  c_w.l(rtexit2.o)
    0x0000032c   0x0000032c   0x00000004   Code   RO          573    .ARM.Collect$$rtexit$$00000003  c_w.l(rtexit2.o)
    0x00000330   0x00000330   0x00000006   Code   RO          574    .ARM.Collect$$rtexit$$00000004  c_w.l(rtexit2.o)
    0x00000336   0x00000336   0x00000002   PAD
    0x00000338   0x00000338   0x00000114   Code   RO          279  * .text               startup_tm4c123.o
    0x0000044c   0x0000044c   0x0000003e   Code   RO          303    .text               c_w.l(strlen.o)
    0x0000048a   0x0000048a   0x00000006   Code   RO          305    .text               c_w.l(heapauxi.o)
    0x00000490   0x00000490   0x0000004a   Code   RO          459    .text               c_w.l(sys_stackheap_outer.o)
    0x000004da   0x000004da   0x00000012   Code   RO          500    .text               c_w.l(exit.o)
    0x000004ec   0x000004ec   0x00000008   Code   RO          512    .text               c_w.l(libspace.o)
    0x000004f4   0x000004f4   0x0000000c   Code   RO          584    .text               c_w.l(sys_exit.o)
    0x00000500   0x00000500   0x00000002   Code   RO          599    .text               c_w.l(use_no_semi.o)
    0x00000502   0x00000502   0x00000000   Code   RO          601    .text               c_w.l(indicate_semi.o)
    0x00000502   0x00000502   0x00000002   PAD
    0x00000504   0x00000504   0x00000042   Code   RO           31    .text.Buzzer_Init   buzzer.o
    0x00000546   0x00000546   0x00000002   PAD
    0x00000548   0x00000548   0x00000020   Code   RO           33    .text.Buzzer_Output  buzzer.o
    0x00000568   0x00000568   0x0000010e   Code   RO            6    .text.Display_Main_Menu  main.o
    0x00000676   0x00000676   0x00000002   PAD
    0x00000678   0x00000678   0x0000000a   Code   RO          176    .text.EduBase_LCD_Clear_Display  lcd_display.o
    0x00000682   0x00000682   0x00000002   PAD
    0x00000684   0x00000684   0x0000004c   Code   RO          198    .text.EduBase_LCD_Create_Custom_Character  lcd_display.o
    0x000006d0   0x000006d0   0x0000001e   Code   RO          180    .text.EduBase_LCD_Disable_Cursor  lcd_display.o
    0x000006ee   0x000006ee   0x00000002   PAD
    0x000006f0   0x000006f0   0x0000001e   Code   RO          178    .text.EduBase_LCD_Disable_Cursor_Blink  lcd_display.o
    0x0000070e   0x0000070e   0x00000002   PAD
    0x00000710   0x00000710   0x0000001c   Code   RO          218    .text.EduBase_LCD_Display_Mario_Full_Image  lcd_display.o
    0x0000072c   0x0000072c   0x00000016   Code   RO          206    .text.EduBase_LCD_Display_Mario_Left_Hat  lcd_display.o
    0x00000742   0x00000742   0x00000002   PAD
    0x00000744   0x00000744   0x00000016   Code   RO          208    .text.EduBase_LCD_Display_Mario_Left_Leg  lcd_display.o
    0x0000075a   0x0000075a   0x00000002   PAD
    0x0000075c   0x0000075c   0x0000001c   Code   RO          210    .text.EduBase_LCD_Display_Mario_Middle_Hat  lcd_display.o
    0x00000778   0x00000778   0x0000001c   Code   RO          214    .text.EduBase_LCD_Display_Mario_Right_Hat  lcd_display.o
    0x00000794   0x00000794   0x00000016   Code   RO          216    .text.EduBase_LCD_Display_Mario_Right_Leg  lcd_display.o
    0x000007aa   0x000007aa   0x00000002   PAD
    0x000007ac   0x000007ac   0x00000016   Code   RO          212    .text.EduBase_LCD_Display_Mario_Torso  lcd_display.o
    0x000007c2   0x000007c2   0x00000002   PAD
    0x000007c4   0x000007c4   0x00000038   Code   RO          200    .text.EduBase_LCD_Display_String  lcd_display.o
    0x000007fc   0x000007fc   0x0000001e   Code   RO          172    .text.EduBase_LCD_Enable_Display  lcd_display.o
    0x0000081a   0x0000081a   0x00000002   PAD
    0x0000081c   0x0000081c   0x00000068   Code   RO          170    .text.EduBase_LCD_Init  lcd_display.o
    0x00000884   0x00000884   0x000000e2   Code   RO          160    .text.EduBase_LCD_Ports_Init  lcd_display.o
    0x00000966   0x00000966   0x00000002   PAD
    0x00000968   0x00000968   0x0000003c   Code   RO          162    .text.EduBase_LCD_Pulse_Enable  lcd_display.o
    0x000009a4   0x000009a4   0x0000000a   Code   RO          174    .text.EduBase_LCD_Return_Home  lcd_display.o
    0x000009ae   0x000009ae   0x00000002   PAD
    0x000009b0   0x000009b0   0x0000000a   Code   RO          190    .text.EduBase_LCD_Scroll_Display_Left  lcd_display.o
    0x000009ba   0x000009ba   0x00000002   PAD
    0x000009bc   0x000009bc   0x0000000a   Code   RO          192    .text.EduBase_LCD_Scroll_Display_Right  lcd_display.o
    0x000009c6   0x000009c6   0x00000002   PAD
    0x000009c8   0x000009c8   0x00000046   Code   RO          166    .text.EduBase_LCD_Send_Command  lcd_display.o
    0x00000a0e   0x00000a0e   0x00000002   PAD
    0x00000a10   0x00000a10   0x0000002a   Code   RO          168    .text.EduBase_LCD_Send_Data  lcd_display.o
    0x00000a3a   0x00000a3a   0x00000002   PAD
    0x00000a3c   0x00000a3c   0x00000050   Code   RO          182    .text.EduBase_LCD_Set_Cursor  lcd_display.o
    0x00000a8c   0x00000a8c   0x00000072   Code   RO          164    .text.EduBase_LCD_Write_4_Bits  lcd_display.o
    0x00000afe   0x00000afe   0x00000002   PAD
    0x00000b00   0x00000b00   0x00000012   Code   RO          254    .text.PMOD_ENC_Button_Read  pmod_enc.o
    0x00000b12   0x00000b12   0x00000002   PAD
    0x00000b14   0x00000b14   0x00000044   Code   RO          252    .text.PMOD_ENC_Get_Rotation  pmod_enc.o
    0x00000b58   0x00000b58   0x0000001c   Code   RO          250    .text.PMOD_ENC_Get_State  pmod_enc.o
    0x00000b74   0x00000b74   0x00000042   Code   RO          248    .text.PMOD_ENC_Init  pmod_enc.o
    0x00000bb6   0x00000bb6   0x00000002   PAD
    0x00000bb8   0x00000bb8   0x000000c8   Code   RO            2    .text.PMOD_ENC_Task  main.o
    0x00000c80   0x00000c80   0x000007e0   Code   RO           39    .text.Play_Doom_Theme_Song  buzzer.o
    0x00001460   0x00001460   0x00000090   Code   RO           35    .text.Play_Note     buzzer.o
    0x000014f0   0x000014f0   0x00000c24   Code   RO           37    .text.Play_Super_Mario_Bros_Theme  buzzer.o
    0x00002114   0x00002114   0x000000e8   Code   RO            8    .text.Process_Main_Menu_Selection  main.o
    0x000021fc   0x000021fc   0x0000004c   Code   RO          234    .text.SysTick_Delay1ms  systick_delay.o
    0x00002248   0x00002248   0x0000002a   Code   RO          232    .text.SysTick_Delay1us  systick_delay.o
    0x00002272   0x00002272   0x00000002   PAD
    0x00002274   0x00002274   0x0000002a   Code   RO          230    .text.SysTick_Delay_Init  systick_delay.o
    0x0000229e   0x0000229e   0x00000002   PAD
    0x000022a0   0x000022a0   0x00000046   Code   RO          236    .text.SysTick_Handler  systick_delay.o
    0x000022e6   0x000022e6   0x00000002   PAD
    0x000022e8   0x000022e8   0x0000010c   Code   RO          290    .text.SystemInit    system_tm4c123.o
    0x000023f4   0x000023f4   0x0000002e   Code   RO          267    .text.TIMER0A_Handler  timer_0a_interrupt.o
    0x00002422   0x00002422   0x00000002   PAD
    0x00002424   0x00002424   0x000000ac   Code   RO          265    .text.Timer_0A_Interrupt_Init  timer_0a_interrupt.o
    0x000024d0   0x000024d0   0x00000afa   Code   RO           41    .text.Tyler_The_Creator_Like_Him  buzzer.o
    0x00002fca   0x00002fca   0x00000002   PAD
    0x00002fcc   0x00002fcc   0x000000e2   Code   RO            4    .text.main          main.o
    0x000030ae   0x000030ae   0x00000002   PAD
    0x000030b0   0x000030b0   0x000002b8   Code   RO          310    x$fpl$ddiv          fz_wm.l(ddiv.o)
    0x00003368   0x00003368   0x0000005e   Code   RO          313    x$fpl$dfix          fz_wm.l(dfix.o)
    0x000033c6   0x000033c6   0x00000002   PAD
    0x000033c8   0x000033c8   0x00000154   Code   RO          317    x$fpl$dmul          fz_wm.l(dmul.o)
    0x0000351c   0x0000351c   0x0000009c   Code   RO          411    x$fpl$dnaninf       fz_wm.l(dnaninf.o)
    0x000035b8   0x000035b8   0x0000000c   Code   RO          413    x$fpl$dretinf       fz_wm.l(dretinf.o)
    0x000035c4   0x000035c4   0x0000001a   Code   RO          582    x$fpl$fpinit        fz_wm.l(fpinit.o)
    0x000035de   0x000035de   0x00000000   Code   RO          423    x$fpl$usenofp       fz_wm.l(usenofp.o)
    0x000035de   0x000035de   0x00000035   Data   RO           22    .rodata.str1.1      main.o
    0x00003613   0x00003613   0x00000001   PAD
    0x00003614   0x00003614   0x00000020   Data   RO          657    Region$$Table       anon$$obj.o


    Execution Region ER_RW (Exec base: 0x20000000, Load base: 0x00003634, Size: 0x0000003c, Max: 0xffffffff, ABSOLUTE)

    Exec Addr    Load Addr    Size         Type   Attr      Idx    E Section Name        Object

    0x20000000   0x00003634   0x00000008   Data   RW           16    .data.mario_left_hat  main.o
    0x20000008   0x0000363c   0x00000008   Data   RW           15    .data.mario_left_leg  main.o
    0x20000010   0x00003644   0x00000008   Data   RW           18    .data.mario_middle_hat  main.o
    0x20000018   0x0000364c   0x00000008   Data   RW           19    .data.mario_right_hat  main.o
    0x20000020   0x00003654   0x00000008   Data   RW           20    .data.mario_right_leg  main.o
    0x20000028   0x0000365c   0x00000008   Data   RW           17    .data.mario_torso   main.o
    0x20000030   0x00003664   0x00000004   Data   RW           21    .data.prev_main_menu_counter  main.o
    0x20000034   0x00003668   0x00000008   Data   RW           14    .data.right_arrow   main.o


    Execution Region ER_ZI (Exec base: 0x20000040, Load base: 0x00003670, Size: 0x00000280, Max: 0xffffffff, ABSOLUTE)

    Exec Addr    Load Addr    Size         Type   Attr      Idx    E Section Name        Object

    0x20000040        -       0x00000060   Zero   RW          513    .bss                c_w.l(libspace.o)
    0x200000a0        -       0x00000004   Zero   RW          269    .bss.Timer_0A_Task  timer_0a_interrupt.o
    0x200000a4        -       0x00000001   Zero   RW          220    .bss.display_control  lcd_display.o
    0x200000a5        -       0x00000001   Zero   RW           11    .bss.last_state     main.o
    0x200000a6   0x00003670   0x00000002   PAD
    0x200000a8        -       0x00000004   Zero   RW           13    .bss.main_menu_counter  main.o
    0x200000ac        -       0x00000001   Zero   RW          240    .bss.ms_active      systick_delay.o
    0x200000ad   0x00003670   0x00000003   PAD
    0x200000b0        -       0x00000004   Zero   RW          239    .bss.ms_elapsed     systick_delay.o
    0x200000b4        -       0x00000001   Zero   RW           12    .bss.pmod_enc_btn_pressed  main.o
    0x200000b5        -       0x00000001   Zero   RW           10    .bss.state          main.o
    0x200000b6   0x00003670   0x00000002   PAD
    0x200000b8        -       0x00000004   Zero   RW          238    .bss.us_elapsed     systick_delay.o
    0x200000bc   0x00003670   0x00000004   PAD
    0x200000c0        -       0x00000000   Zero   RW          277    HEAP                startup_tm4c123.o
    0x200000c0        -       0x00000200   Zero   RW          276    STACK               startup_tm4c123.o


==============================================================================

Image component sizes


      Code (inc. data)   RO Data    RW Data    ZI Data      Debug   Object Name

      8176        248          0          0          0      10214   buzzer.o
      1130          0          0          0          1      10861   lcd_display.o
       928          8         53         60          7       2212   main.o
       180          0          0          0          0       6113   pmod_enc.o
       276         24        620          0        512       5488   startup_tm4c123.o
       268          0          0          0          0       6756   system_tm4c123.o
       230          0          0          0          9       1306   systick_delay.o
       218          0          0          0          4       6213   timer_0a_interrupt.o

    ----------------------------------------------------------------------
     11456        280        706         60        544      49163   Object Totals
         0          0         32          0          0          0   (incl. Generated)
        50          0          1          0         11          0   (incl. Padding)

    ----------------------------------------------------------------------

      Code (inc. data)   RO Data    RW Data    ZI Data      Debug   Library Member Name

         8          0          0          0          0         68   __main.o
         0          0          0          0          0          0   __rtentry.o
        12          0          0          0          0          0   __rtentry2.o
         6          0          0          0          0          0   __rtentry4.o
        94          8          0          0          0          0   __scatter.o
        26          0          0          0          0          0   __scatter_copy.o
        28          0          0          0          0          0   __scatter_zi.o
        18          0          0          0          0         80   exit.o
         6          0          0          0          0        152   heapauxi.o
         0          0          0          0          0          0   indicate_semi.o
         2          0          0          0          0          0   libinit.o
         6          0          0          0          0          0   libinit2.o
         2          0          0          0          0          0   libshutdown.o
         2          0          0          0          0          0   libshutdown2.o
         8          4          0          0         96         68   libspace.o
         2          0          0          0          0          0   rtexit.o
        10          0          0          0          0          0   rtexit2.o
        62          0          0          0          0         76   strlen.o
        12          4          0          0          0         68   sys_exit.o
        74          0          0          0          0         80   sys_stackheap_outer.o
         2          0          0          0          0         68   use_no_semi.o
       696        140          0          0          0        264   ddiv.o
        94          4          0          0          0        140   dfix.o
       340         12          0          0          0        152   dmul.o
       156          4          0          0          0        140   dnaninf.o
        12          0          0          0          0        116   dretinf.o
        26          0          0          0          0        116   fpinit.o
         0          0          0          0          0          0   usenofp.o

    ----------------------------------------------------------------------
      1714        176          0          0         96       1588   Library Totals
        10          0          0          0          0          0   (incl. Padding)

    ----------------------------------------------------------------------

      Code (inc. data)   RO Data    RW Data    ZI Data      Debug   Library Name

       380         16          0          0         96        660   c_w.l
      1324        160          0          0          0        928   fz_wm.l

    ----------------------------------------------------------------------
      1714        176          0          0         96       1588   Library Totals

    ----------------------------------------------------------------------

==============================================================================


      Code (inc. data)   RO Data    RW Data    ZI Data      Debug   

     13170        456        706         60        640      49991   Grand Totals
     13170        456        706         60        640      49991   ELF Image Totals
     13170        456        706         60          0          0   ROM Totals

==============================================================================

    Total RO  Size (Code + RO Data)                13876 (  13.55kB)
    Total RW  Size (RW Data + ZI Data)               700 (   0.68kB)
    Total ROM Size (Code + RO Data + RW Data)      13936 (  13.61kB)

==============================================================================

